Archive member included to satisfy reference by file (symbol)

c:/st/stm32cubeide_1.9.0/stm32cubeide/plugins/com.st.stm32cube.ide.mcu.externaltools.gnu-tools-for-stm32.10.3-2021.10.win32_1.0.0.202111181127/tools/bin/../lib/gcc/arm-none-eabi/10.3.1/../../../../arm-none-eabi/lib/thumb/v7e-m+fp/hard\libc_nano.a(lib_a-errno.o)
                              ./Core/Src/syscalls.o (__errno)
c:/st/stm32cubeide_1.9.0/stm32cubeide/plugins/com.st.stm32cube.ide.mcu.externaltools.gnu-tools-for-stm32.10.3-2021.10.win32_1.0.0.202111181127/tools/bin/../lib/gcc/arm-none-eabi/10.3.1/../../../../arm-none-eabi/lib/thumb/v7e-m+fp/hard\libc_nano.a(lib_a-exit.o)
                              c:/st/stm32cubeide_1.9.0/stm32cubeide/plugins/com.st.stm32cube.ide.mcu.externaltools.gnu-tools-for-stm32.10.3-2021.10.win32_1.0.0.202111181127/tools/bin/../lib/gcc/arm-none-eabi/10.3.1/../../../../arm-none-eabi/lib/thumb/v7e-m+fp/hard/crt0.o (exit)
c:/st/stm32cubeide_1.9.0/stm32cubeide/plugins/com.st.stm32cube.ide.mcu.externaltools.gnu-tools-for-stm32.10.3-2021.10.win32_1.0.0.202111181127/tools/bin/../lib/gcc/arm-none-eabi/10.3.1/../../../../arm-none-eabi/lib/thumb/v7e-m+fp/hard\libc_nano.a(lib_a-impure.o)
                              c:/st/stm32cubeide_1.9.0/stm32cubeide/plugins/com.st.stm32cube.ide.mcu.externaltools.gnu-tools-for-stm32.10.3-2021.10.win32_1.0.0.202111181127/tools/bin/../lib/gcc/arm-none-eabi/10.3.1/../../../../arm-none-eabi/lib/thumb/v7e-m+fp/hard\libc_nano.a(lib_a-exit.o) (_global_impure_ptr)
c:/st/stm32cubeide_1.9.0/stm32cubeide/plugins/com.st.stm32cube.ide.mcu.externaltools.gnu-tools-for-stm32.10.3-2021.10.win32_1.0.0.202111181127/tools/bin/../lib/gcc/arm-none-eabi/10.3.1/../../../../arm-none-eabi/lib/thumb/v7e-m+fp/hard\libc_nano.a(lib_a-init.o)
                              c:/st/stm32cubeide_1.9.0/stm32cubeide/plugins/com.st.stm32cube.ide.mcu.externaltools.gnu-tools-for-stm32.10.3-2021.10.win32_1.0.0.202111181127/tools/bin/../lib/gcc/arm-none-eabi/10.3.1/../../../../arm-none-eabi/lib/thumb/v7e-m+fp/hard/crt0.o (__libc_init_array)
c:/st/stm32cubeide_1.9.0/stm32cubeide/plugins/com.st.stm32cube.ide.mcu.externaltools.gnu-tools-for-stm32.10.3-2021.10.win32_1.0.0.202111181127/tools/bin/../lib/gcc/arm-none-eabi/10.3.1/../../../../arm-none-eabi/lib/thumb/v7e-m+fp/hard\libc_nano.a(lib_a-memset.o)
                              c:/st/stm32cubeide_1.9.0/stm32cubeide/plugins/com.st.stm32cube.ide.mcu.externaltools.gnu-tools-for-stm32.10.3-2021.10.win32_1.0.0.202111181127/tools/bin/../lib/gcc/arm-none-eabi/10.3.1/../../../../arm-none-eabi/lib/thumb/v7e-m+fp/hard/crt0.o (memset)
c:/st/stm32cubeide_1.9.0/stm32cubeide/plugins/com.st.stm32cube.ide.mcu.externaltools.gnu-tools-for-stm32.10.3-2021.10.win32_1.0.0.202111181127/tools/bin/../lib/gcc/arm-none-eabi/10.3.1/../../../../arm-none-eabi/lib/thumb/v7e-m+fp/hard\libc_nano.a(lib_a-sprintf.o)
                              ./Core/Src/main.o (sprintf)
c:/st/stm32cubeide_1.9.0/stm32cubeide/plugins/com.st.stm32cube.ide.mcu.externaltools.gnu-tools-for-stm32.10.3-2021.10.win32_1.0.0.202111181127/tools/bin/../lib/gcc/arm-none-eabi/10.3.1/../../../../arm-none-eabi/lib/thumb/v7e-m+fp/hard\libc_nano.a(lib_a-strlen.o)
                              ./Core/Src/main.o (strlen)
c:/st/stm32cubeide_1.9.0/stm32cubeide/plugins/com.st.stm32cube.ide.mcu.externaltools.gnu-tools-for-stm32.10.3-2021.10.win32_1.0.0.202111181127/tools/bin/../lib/gcc/arm-none-eabi/10.3.1/../../../../arm-none-eabi/lib/thumb/v7e-m+fp/hard\libc_nano.a(lib_a-strncmp.o)
                              ./Core/Src/utils/string_utils.o (strncmp)
c:/st/stm32cubeide_1.9.0/stm32cubeide/plugins/com.st.stm32cube.ide.mcu.externaltools.gnu-tools-for-stm32.10.3-2021.10.win32_1.0.0.202111181127/tools/bin/../lib/gcc/arm-none-eabi/10.3.1/../../../../arm-none-eabi/lib/thumb/v7e-m+fp/hard\libc_nano.a(lib_a-nano-svfprintf.o)
                              c:/st/stm32cubeide_1.9.0/stm32cubeide/plugins/com.st.stm32cube.ide.mcu.externaltools.gnu-tools-for-stm32.10.3-2021.10.win32_1.0.0.202111181127/tools/bin/../lib/gcc/arm-none-eabi/10.3.1/../../../../arm-none-eabi/lib/thumb/v7e-m+fp/hard\libc_nano.a(lib_a-sprintf.o) (_svfprintf_r)
c:/st/stm32cubeide_1.9.0/stm32cubeide/plugins/com.st.stm32cube.ide.mcu.externaltools.gnu-tools-for-stm32.10.3-2021.10.win32_1.0.0.202111181127/tools/bin/../lib/gcc/arm-none-eabi/10.3.1/../../../../arm-none-eabi/lib/thumb/v7e-m+fp/hard\libc_nano.a(lib_a-nano-vfprintf_i.o)
                              c:/st/stm32cubeide_1.9.0/stm32cubeide/plugins/com.st.stm32cube.ide.mcu.externaltools.gnu-tools-for-stm32.10.3-2021.10.win32_1.0.0.202111181127/tools/bin/../lib/gcc/arm-none-eabi/10.3.1/../../../../arm-none-eabi/lib/thumb/v7e-m+fp/hard\libc_nano.a(lib_a-nano-svfprintf.o) (_printf_i)
[...]
Memory Configuration

Name             Origin             Length             Attributes
CCMRAM           0x0000000010000000 0x0000000000010000 xrw
RAM              0x0000000020000000 0x0000000000030000 xrw
FLASH            0x0000000008000000 0x0000000000200000 xr
*default*        0x0000000000000000 0xffffffffffffffff

Linker script and memory map

LOAD c:/st/stm32cubeide_1.9.0/stm32cubeide/plugins/com.st.stm32cube.ide.mcu.externaltools.gnu-tools-for-stm32.10.3-2021.10.win32_1.0.0.202111181127/tools/bin/../lib/gcc/arm-none-eabi/10.3.1/thumb/v7e-m+fp/hard/crti.o
LOAD c:/st/stm32cubeide_1.9.0/stm32cubeide/plugins/com.st.stm32cube.ide.mcu.externaltools.gnu-tools-for-stm32.10.3-2021.10.win32_1.0.0.202111181127/tools/bin/../lib/gcc/arm-none-eabi/10.3.1/thumb/v7e-m+fp/hard/crtbegin.o
LOAD c:/st/stm32cubeide_1.9.0/stm32cubeide/plugins/com.st.stm32cube.ide.mcu.externaltools.gnu-tools-for-stm32.10.3-2021.10.win32_1.0.0.202111181127/tools/bin/../lib/gcc/arm-none-eabi/10.3.1/../../../../arm-none-eabi/lib/thumb/v7e-m+fp/hard/crt0.o
LOAD ./Core/Src/drivers/uart_blocking_driver.o
LOAD ./Core/Src/drivers/uart_interrupt_driver.o
LOAD ./Core/Src/gpio.o
LOAD ./Core/Src/main.o
LOAD ./Core/Src/stm32f4xx_hal_msp.o
LOAD ./Core/Src/stm32f4xx_it.o
LOAD ./Core/Src/syscalls.o
LOAD ./Core/Src/sysmem.o
LOAD ./Core/Src/system_stm32f4xx.o
LOAD ./Core/Src/tim.o
LOAD ./Core/Src/usart.o
LOAD ./Core/Src/utils/buffer.o
LOAD ./Core/Src/utils/string_utils.o
LOAD ./Core/Startup/startup_stm32f427vitx.o
LOAD ./Drivers/STM32F4xx_HAL_Driver/Src/stm32f4xx_hal.o
LOAD ./Drivers/STM32F4xx_HAL_Driver/Src/stm32f4xx_hal_cortex.o
LOAD ./Drivers/STM32F4xx_HAL_Driver/Src/stm32f4xx_hal_dma.o
LOAD ./Drivers/STM32F4xx_HAL_Driver/Src/stm32f4xx_hal_dma_ex.o
LOAD ./Drivers/STM32F4xx_HAL_Driver/Src/stm32f4xx_hal_exti.o
LOAD ./Drivers/STM32F4xx_HAL_Driver/Src/stm32f4xx_hal_flash.o
LOAD ./Drivers/STM32F4xx_HAL_Driver/Src/stm32f4xx_hal_flash_ex.o
LOAD ./Drivers/STM32F4xx_HAL_Driver/Src/stm32f4xx_hal_flash_ramfunc.o
LOAD ./Drivers/STM32F4xx_HAL_Driver/Src/stm32f4xx_hal_gpio.o
LOAD ./Drivers/STM32F4xx_HAL_Driver/Src/stm32f4xx_hal_pwr.o
LOAD ./Drivers/STM32F4xx_HAL_Driver/Src/stm32f4xx_hal_pwr_ex.o
LOAD ./Drivers/STM32F4xx_HAL_Driver/Src/stm32f4xx_hal_rcc.o
LOAD ./Drivers/STM32F4xx_HAL_Driver/Src/stm32f4xx_hal_rcc_ex.o
LOAD ./Drivers/STM32F4xx_HAL_Driver/Src/stm32f4xx_hal_tim.o
LOAD ./Drivers/STM32F4xx_HAL_Driver/Src/stm32f4xx_hal_tim_ex.o
LOAD ./Drivers/STM32F4xx_HAL_Driver/Src/stm32f4xx_hal_uart.o
START GROUP
LOAD c:/st/stm32cubeide_1.9.0/stm32cubeide/plugins/com.st.stm32cube.ide.mcu.externaltools.gnu-tools-for-stm32.10.3-2021.10.win32_1.0.0.202111181127/tools/bin/../lib/gcc/arm-none-eabi/10.3.1/../../../../arm-none-eabi/lib/thumb/v7e-m+fp/hard\libc_nano.a
LOAD c:/st/stm32cubeide_1.9.0/stm32cubeide/plugins/com.st.stm32cube.ide.mcu.externaltools.gnu-tools-for-stm32.10.3-2021.10.win32_1.0.0.202111181127/tools/bin/../lib/gcc/arm-none-eabi/10.3.1/../../../../arm-none-eabi/lib/thumb/v7e-m+fp/hard\libm.a
END GROUP
START GROUP
LOAD c:/st/stm32cubeide_1.9.0/stm32cubeide/plugins/com.st.stm32cube.ide.mcu.externaltools.gnu-tools-for-stm32.10.3-2021.10.win32_1.0.0.202111181127/tools/bin/../lib/gcc/arm-none-eabi/10.3.1/thumb/v7e-m+fp/hard\libgcc.a
LOAD c:/st/stm32cubeide_1.9.0/stm32cubeide/plugins/com.st.stm32cube.ide.mcu.externaltools.gnu-tools-for-stm32.10.3-2021.10.win32_1.0.0.202111181127/tools/bin/../lib/gcc/arm-none-eabi/10.3.1/../../../../arm-none-eabi/lib/thumb/v7e-m+fp/hard\libc_nano.a
END GROUP
START GROUP
LOAD c:/st/stm32cubeide_1.9.0/stm32cubeide/plugins/com.st.stm32cube.ide.mcu.externaltools.gnu-tools-for-stm32.10.3-2021.10.win32_1.0.0.202111181127/tools/bin/../lib/gcc/arm-none-eabi/10.3.1/thumb/v7e-m+fp/hard\libgcc.a
LOAD c:/st/stm32cubeide_1.9.0/stm32cubeide/plugins/com.st.stm32cube.ide.mcu.externaltools.gnu-tools-for-stm32.10.3-2021.10.win32_1.0.0.202111181127/tools/bin/../lib/gcc/arm-none-eabi/10.3.1/../../../../arm-none-eabi/lib/thumb/v7e-m+fp/hard\libc_nano.a
LOAD c:/st/stm32cubeide_1.9.0/stm32cubeide/plugins/com.st.stm32cube.ide.mcu.externaltools.gnu-tools-for-stm32.10.3-2021.10.win32_1.0.0.202111181127/tools/bin/../lib/gcc/arm-none-eabi/10.3.1/../../../../arm-none-eabi/lib/thumb/v7e-m+fp/hard\libnosys.a
END GROUP
START GROUP
LOAD c:/st/stm32cubeide_1.9.0/stm32cubeide/plugins/com.st.stm32cube.ide.mcu.externaltools.gnu-tools-for-stm32.10.3-2021.10.win32_1.0.0.202111181127/tools/bin/../lib/gcc/arm-none-eabi/10.3.1/thumb/v7e-m+fp/hard\libgcc.a
LOAD c:/st/stm32cubeide_1.9.0/stm32cubeide/plugins/com.st.stm32cube.ide.mcu.externaltools.gnu-tools-for-stm32.10.3-2021.10.win32_1.0.0.202111181127/tools/bin/../lib/gcc/arm-none-eabi/10.3.1/../../../../arm-none-eabi/lib/thumb/v7e-m+fp/hard\libc_nano.a
LOAD c:/st/stm32cubeide_1.9.0/stm32cubeide/plugins/com.st.stm32cube.ide.mcu.externaltools.gnu-tools-for-stm32.10.3-2021.10.win32_1.0.0.202111181127/tools/bin/../lib/gcc/arm-none-eabi/10.3.1/../../../../arm-none-eabi/lib/thumb/v7e-m+fp/hard\libnosys.a
END GROUP
LOAD c:/st/stm32cubeide_1.9.0/stm32cubeide/plugins/com.st.stm32cube.ide.mcu.externaltools.gnu-tools-for-stm32.10.3-2021.10.win32_1.0.0.202111181127/tools/bin/../lib/gcc/arm-none-eabi/10.3.1/thumb/v7e-m+fp/hard/crtend.o
LOAD c:/st/stm32cubeide_1.9.0/stm32cubeide/plugins/com.st.stm32cube.ide.mcu.externaltools.gnu-tools-for-stm32.10.3-2021.10.win32_1.0.0.202111181127/tools/bin/../lib/gcc/arm-none-eabi/10.3.1/thumb/v7e-m+fp/hard/crtn.o
                0x0000000020030000                _estack = (ORIGIN (RAM) + LENGTH (RAM))
                0x0000000000000200                _Min_Heap_Size = 0x200
                0x0000000000000400                _Min_Stack_Size = 0x400

.isr_vector     0x0000000008000000      0x1ac
                0x0000000008000000                . = ALIGN (0x4)
 *(.isr_vector)
 .isr_vector    0x0000000008000000      0x1ac ./Core/Startup/startup_stm32f427vitx.o
                0x0000000008000000                g_pfnVectors
                0x00000000080001ac                . = ALIGN (0x4)

.text           0x00000000080001b0     0x50d8
                0x00000000080001b0                . = ALIGN (0x4)
 *(.text)
 .text          0x00000000080001b0       0x40 c:/st/stm32cubeide_1.9.0/stm32cubeide/plugins/com.st.stm32cube.ide.mcu.externaltools.gnu-tools-for-stm32.10.3-2021.10.win32_1.0.0.202111181127/tools/bin/../lib/gcc/arm-none-eabi/10.3.1/thumb/v7e-m+fp/hard/crtbegin.o
 .text          0x00000000080001f0       0x10 c:/st/stm32cubeide_1.9.0/stm32cubeide/plugins/com.st.stm32cube.ide.mcu.externaltools.gnu-tools-for-stm32.10.3-2021.10.win32_1.0.0.202111181127/tools/bin/../lib/gcc/arm-none-eabi/10.3.1/../../../../arm-none-eabi/lib/thumb/v7e-m+fp/hard\libc_nano.a(lib_a-strlen.o)
                0x00000000080001f0                strlen
 .text          0x0000000008000200       0xa0 c:/st/stm32cubeide_1.9.0/stm32cubeide/plugins/com.st.stm32cube.ide.mcu.externaltools.gnu-tools-for-stm32.10.3-2021.10.win32_1.0.0.202111181127/tools/bin/../lib/gcc/arm-none-eabi/10.3.1/../../../../arm-none-eabi/lib/thumb/v7e-m+fp/hard\libc_nano.a(lib_a-memchr.o)
                0x0000000008000200                memchr
 .text          0x00000000080002a0       0x30 c:/st/stm32cubeide_1.9.0/stm32cubeide/plugins/com.st.stm32cube.ide.mcu.externaltools.gnu-tools-for-stm32.10.3-2021.10.win32_1.0.0.202111181127/tools/bin/../lib/gcc/arm-none-eabi/10.3.1/thumb/v7e-m+fp/hard\libgcc.a(_aeabi_uldivmod.o)
                0x00000000080002a0                __aeabi_uldivmod
 .text          0x00000000080002d0      0x2d0 c:/st/stm32cubeide_1.9.0/stm32cubeide/plugins/com.st.stm32cube.ide.mcu.externaltools.gnu-tools-for-stm32.10.3-2021.10.win32_1.0.0.202111181127/tools/bin/../lib/gcc/arm-none-eabi/10.3.1/thumb/v7e-m+fp/hard\libgcc.a(_udivmoddi4.o)
                0x00000000080002d0                __udivmoddi4
 .text          0x00000000080005a0        0x4 c:/st/stm32cubeide_1.9.0/stm32cubeide/plugins/com.st.stm32cube.ide.mcu.externaltools.gnu-tools-for-stm32.10.3-2021.10.win32_1.0.0.202111181127/tools/bin/../lib/gcc/arm-none-eabi/10.3.1/thumb/v7e-m+fp/hard\libgcc.a(_dvmd_tls.o)
                0x00000000080005a0                __aeabi_idiv0
                0x00000000080005a0                __aeabi_ldiv0
 *(.text*)
 .text.transmit_uart_blocking
                0x00000000080005a4       0x24 ./Core/Src/drivers/uart_blocking_driver.o
                0x00000000080005a4                transmit_uart_blocking
 .text.receive_uart_blocking
                0x00000000080005c8       0x64 ./Core/Src/drivers/uart_blocking_driver.o
                0x00000000080005c8                receive_uart_blocking
 .text.transmit_uart_interrupt
                0x000000000800062c       0x58 ./Core/Src/drivers/uart_interrupt_driver.o
                0x000000000800062c                transmit_uart_interrupt
 .text.receive_uart_interrupt
                0x0000000008000684       0x1c ./Core/Src/drivers/uart_interrupt_driver.o
                0x0000000008000684                receive_uart_interrupt
 .text.receive_uart_interrupt_cb
                0x00000000080006a0       0x4c ./Core/Src/drivers/uart_interrupt_driver.o
                0x00000000080006a0                receive_uart_interrupt_cb
 .text.MX_GPIO_Init
                0x00000000080006ec       0xa4 ./Core/Src/gpio.o
                0x00000000080006ec                MX_GPIO_Init
 .text.calculate_note_freq
                0x0000000008000790       0xc4 ./Core/Src/main.o
                0x0000000008000790                calculate_note_freq
 .text.HAL_UART_TxCpltCallback
                0x0000000008000854       0x74 ./Core/Src/main.o
                0x0000000008000854                HAL_UART_TxCpltCallback
 .text.HAL_UART_RxCpltCallback
                0x00000000080008c8       0x20 ./Core/Src/main.o
                0x00000000080008c8                HAL_UART_RxCpltCallback
 .text.print    0x00000000080008e8       0x3c ./Core/Src/main.o
                0x00000000080008e8                print
 .text.read     0x0000000008000924       0x28 ./Core/Src/main.o
                0x0000000008000924                read
 .text.play_note
                0x000000000800094c       0xa8 ./Core/Src/main.o
                0x000000000800094c                play_note
 .text.change_note
                0x00000000080009f4       0x20 ./Core/Src/main.o
                0x00000000080009f4                change_note
 .text.HAL_TIM_PeriodElapsedCallback
                0x0000000008000a14       0x94 ./Core/Src/main.o
                0x0000000008000a14                HAL_TIM_PeriodElapsedCallback
 .text.increase_octave
                0x0000000008000aa8       0x58 ./Core/Src/main.o
                0x0000000008000aa8                increase_octave
 .text.decrease_octave
                0x0000000008000b00       0x58 ./Core/Src/main.o
                0x0000000008000b00                decrease_octave
 .text.increase_playtime
                0x0000000008000b58       0x64 ./Core/Src/main.o
                0x0000000008000b58                increase_playtime
 .text.decrease_playtime
                0x0000000008000bbc       0x5c ./Core/Src/main.o
                0x0000000008000bbc                decrease_playtime
 .text.play_notes
                0x0000000008000c18       0x24 ./Core/Src/main.o
                0x0000000008000c18                play_notes
 .text.main     0x0000000008000c3c      0x1f0 ./Core/Src/main.o
                0x0000000008000c3c                main
 .text.SystemClock_Config
                0x0000000008000e2c       0xd4 ./Core/Src/main.o
                0x0000000008000e2c                SystemClock_Config
 .text.Error_Handler
                0x0000000008000f00        0xa ./Core/Src/main.o
                0x0000000008000f00                Error_Handler
 *fill*         0x0000000008000f0a        0x2 
 .text.HAL_MspInit
                0x0000000008000f0c       0x50 ./Core/Src/stm32f4xx_hal_msp.o
                0x0000000008000f0c                HAL_MspInit
 .text.NMI_Handler
                0x0000000008000f5c        0x6 ./Core/Src/stm32f4xx_it.o
                0x0000000008000f5c                NMI_Handler
 .text.HardFault_Handler
                0x0000000008000f62        0x6 ./Core/Src/stm32f4xx_it.o
                0x0000000008000f62                HardFault_Handler
 .text.MemManage_Handler
                0x0000000008000f68        0x6 ./Core/Src/stm32f4xx_it.o
                0x0000000008000f68                MemManage_Handler
 .text.BusFault_Handler
                0x0000000008000f6e        0x6 ./Core/Src/stm32f4xx_it.o
                0x0000000008000f6e                BusFault_Handler
 .text.UsageFault_Handler
                0x0000000008000f74        0x6 ./Core/Src/stm32f4xx_it.o
                0x0000000008000f74                UsageFault_Handler
 .text.SVC_Handler
                0x0000000008000f7a        0xe ./Core/Src/stm32f4xx_it.o
                0x0000000008000f7a                SVC_Handler
 .text.DebugMon_Handler
                0x0000000008000f88        0xe ./Core/Src/stm32f4xx_it.o
                0x0000000008000f88                DebugMon_Handler
 .text.PendSV_Handler
                0x0000000008000f96        0xe ./Core/Src/stm32f4xx_it.o
                0x0000000008000f96                PendSV_Handler
 .text.SysTick_Handler
                0x0000000008000fa4        0xc ./Core/Src/stm32f4xx_it.o
                0x0000000008000fa4                SysTick_Handler
 .text.TIM6_DAC_IRQHandler
                0x0000000008000fb0       0x14 ./Core/Src/stm32f4xx_it.o
                0x0000000008000fb0                TIM6_DAC_IRQHandler
 .text.USART6_IRQHandler
                0x0000000008000fc4       0x14 ./Core/Src/stm32f4xx_it.o
                0x0000000008000fc4                USART6_IRQHandler
 .text._sbrk    0x0000000008000fd8       0x6c ./Core/Src/sysmem.o
                0x0000000008000fd8                _sbrk
 .text.SystemInit
                0x0000000008001044       0x24 ./Core/Src/system_stm32f4xx.o
                0x0000000008001044                SystemInit
 .text.MX_TIM1_Init
                0x0000000008001068      0x144 ./Core/Src/tim.o
                0x0000000008001068                MX_TIM1_Init
 .text.MX_TIM6_Init
                0x00000000080011ac       0x6c ./Core/Src/tim.o
                0x00000000080011ac                MX_TIM6_Init
 .text.HAL_TIM_Base_MspInit
                0x0000000008001218       0x7c ./Core/Src/tim.o
                0x0000000008001218                HAL_TIM_Base_MspInit
 .text.HAL_TIM_MspPostInit
                0x0000000008001294       0x74 ./Core/Src/tim.o
                0x0000000008001294                HAL_TIM_MspPostInit
 .text.MX_USART6_UART_Init
                0x0000000008001308       0x54 ./Core/Src/usart.o
                0x0000000008001308                MX_USART6_UART_Init
 .text.HAL_UART_MspInit
                0x000000000800135c       0xa0 ./Core/Src/usart.o
                0x000000000800135c                HAL_UART_MspInit
 .text.insert_in_queue
                0x00000000080013fc       0x64 ./Core/Src/utils/buffer.o
                0x00000000080013fc                insert_in_queue
 .text.take_element_from_queue
                0x0000000008001460       0x64 ./Core/Src/utils/buffer.o
                0x0000000008001460                take_element_from_queue
 .text.is_queue_empty
                0x00000000080014c4       0x20 ./Core/Src/utils/buffer.o
                0x00000000080014c4                is_queue_empty
 .text.Reset_Handler
                0x00000000080014e4       0x50 ./Core/Startup/startup_stm32f427vitx.o
                0x00000000080014e4                Reset_Handler
 .text.Default_Handler
                0x0000000008001534        0x2 ./Core/Startup/startup_stm32f427vitx.o
                0x0000000008001534                RTC_Alarm_IRQHandler
                0x0000000008001534                HASH_RNG_IRQHandler
                0x0000000008001534                EXTI2_IRQHandler
                0x0000000008001534                TIM8_CC_IRQHandler
                0x0000000008001534                UART8_IRQHandler
                0x0000000008001534                SPI4_IRQHandler
                0x0000000008001534                TIM1_CC_IRQHandler
                0x0000000008001534                DMA2_Stream5_IRQHandler
                0x0000000008001534                DMA1_Stream5_IRQHandler
                0x0000000008001534                PVD_IRQHandler
                0x0000000008001534                SDIO_IRQHandler
                0x0000000008001534                TAMP_STAMP_IRQHandler
                0x0000000008001534                CAN2_RX1_IRQHandler
                0x0000000008001534                EXTI3_IRQHandler
                0x0000000008001534                TIM8_TRG_COM_TIM14_IRQHandler
                0x0000000008001534                TIM1_UP_TIM10_IRQHandler
                0x0000000008001534                TIM8_UP_TIM13_IRQHandler
                0x0000000008001534                I2C3_ER_IRQHandler
                0x0000000008001534                EXTI0_IRQHandler
                0x0000000008001534                I2C2_EV_IRQHandler
                0x0000000008001534                DMA1_Stream2_IRQHandler
                0x0000000008001534                CAN1_RX0_IRQHandler
                0x0000000008001534                FPU_IRQHandler
                0x0000000008001534                OTG_HS_WKUP_IRQHandler
                0x0000000008001534                CAN2_SCE_IRQHandler
                0x0000000008001534                DMA2_Stream2_IRQHandler
                0x0000000008001534                SPI1_IRQHandler
                0x0000000008001534                TIM1_BRK_TIM9_IRQHandler
                0x0000000008001534                DCMI_IRQHandler
                0x0000000008001534                CAN2_RX0_IRQHandler
                0x0000000008001534                DMA2_Stream3_IRQHandler
                0x0000000008001534                USART3_IRQHandler
                0x0000000008001534                CAN1_RX1_IRQHandler
                0x0000000008001534                UART5_IRQHandler
                0x0000000008001534                DMA2_Stream0_IRQHandler
                0x0000000008001534                TIM4_IRQHandler
                0x0000000008001534                I2C1_EV_IRQHandler
                0x0000000008001534                DMA1_Stream6_IRQHandler
                0x0000000008001534                DMA1_Stream1_IRQHandler
                0x0000000008001534                UART4_IRQHandler
                0x0000000008001534                TIM3_IRQHandler
                0x0000000008001534                RCC_IRQHandler
                0x0000000008001534                TIM8_BRK_TIM12_IRQHandler
                0x0000000008001534                Default_Handler
                0x0000000008001534                EXTI15_10_IRQHandler
                0x0000000008001534                ADC_IRQHandler
                0x0000000008001534                DMA1_Stream7_IRQHandler
                0x0000000008001534                SPI5_IRQHandler
                0x0000000008001534                TIM7_IRQHandler
                0x0000000008001534                CAN2_TX_IRQHandler
                0x0000000008001534                TIM5_IRQHandler
                0x0000000008001534                DMA2_Stream7_IRQHandler
                0x0000000008001534                I2C3_EV_IRQHandler
                0x0000000008001534                EXTI9_5_IRQHandler
                0x0000000008001534                RTC_WKUP_IRQHandler
                0x0000000008001534                ETH_WKUP_IRQHandler
                0x0000000008001534                SPI2_IRQHandler
                0x0000000008001534                OTG_HS_EP1_IN_IRQHandler
                0x0000000008001534                DMA1_Stream0_IRQHandler
                0x0000000008001534                CAN1_TX_IRQHandler
                0x0000000008001534                EXTI4_IRQHandler
                0x0000000008001534                ETH_IRQHandler
                0x0000000008001534                OTG_HS_EP1_OUT_IRQHandler
                0x0000000008001534                WWDG_IRQHandler
                0x0000000008001534                SPI6_IRQHandler
                0x0000000008001534                TIM2_IRQHandler
                0x0000000008001534                OTG_FS_WKUP_IRQHandler
                0x0000000008001534                TIM1_TRG_COM_TIM11_IRQHandler
                0x0000000008001534                OTG_HS_IRQHandler
                0x0000000008001534                DMA2D_IRQHandler
                0x0000000008001534                EXTI1_IRQHandler
                0x0000000008001534                UART7_IRQHandler
                0x0000000008001534                USART2_IRQHandler
                0x0000000008001534                I2C2_ER_IRQHandler
                0x0000000008001534                DMA2_Stream1_IRQHandler
                0x0000000008001534                CAN1_SCE_IRQHandler
                0x0000000008001534                FLASH_IRQHandler
                0x0000000008001534                DMA2_Stream4_IRQHandler
                0x0000000008001534                USART1_IRQHandler
                0x0000000008001534                OTG_FS_IRQHandler
                0x0000000008001534                SPI3_IRQHandler
                0x0000000008001534                DMA1_Stream4_IRQHandler
                0x0000000008001534                I2C1_ER_IRQHandler
                0x0000000008001534                FMC_IRQHandler
                0x0000000008001534                DMA2_Stream6_IRQHandler
                0x0000000008001534                SAI1_IRQHandler
                0x0000000008001534                DMA1_Stream3_IRQHandler
 *fill*         0x0000000008001536        0x2 
 .text.HAL_Init
                0x0000000008001538       0x44 ./Drivers/STM32F4xx_HAL_Driver/Src/stm32f4xx_hal.o
                0x0000000008001538                HAL_Init
 .text.HAL_InitTick
                0x000000000800157c       0x60 ./Drivers/STM32F4xx_HAL_Driver/Src/stm32f4xx_hal.o
                0x000000000800157c                HAL_InitTick
 .text.HAL_IncTick
                0x00000000080015dc       0x28 ./Drivers/STM32F4xx_HAL_Driver/Src/stm32f4xx_hal.o
                0x00000000080015dc                HAL_IncTick
 .text.HAL_GetTick
                0x0000000008001604       0x18 ./Drivers/STM32F4xx_HAL_Driver/Src/stm32f4xx_hal.o
                0x0000000008001604                HAL_GetTick
 .text.__NVIC_SetPriorityGrouping
                0x000000000800161c       0x48 ./Drivers/STM32F4xx_HAL_Driver/Src/stm32f4xx_hal_cortex.o
 .text.__NVIC_GetPriorityGrouping
                0x0000000008001664       0x1c ./Drivers/STM32F4xx_HAL_Driver/Src/stm32f4xx_hal_cortex.o
 .text.__NVIC_EnableIRQ
                0x0000000008001680       0x3c ./Drivers/STM32F4xx_HAL_Driver/Src/stm32f4xx_hal_cortex.o
 .text.__NVIC_SetPriority
                0x00000000080016bc       0x54 ./Drivers/STM32F4xx_HAL_Driver/Src/stm32f4xx_hal_cortex.o
 .text.NVIC_EncodePriority
                0x0000000008001710       0x66 ./Drivers/STM32F4xx_HAL_Driver/Src/stm32f4xx_hal_cortex.o
 *fill*         0x0000000008001776        0x2 
 .text.SysTick_Config
                0x0000000008001778       0x44 ./Drivers/STM32F4xx_HAL_Driver/Src/stm32f4xx_hal_cortex.o
 .text.HAL_NVIC_SetPriorityGrouping
                0x00000000080017bc       0x16 ./Drivers/STM32F4xx_HAL_Driver/Src/stm32f4xx_hal_cortex.o
                0x00000000080017bc                HAL_NVIC_SetPriorityGrouping
 .text.HAL_NVIC_SetPriority
                0x00000000080017d2       0x38 ./Drivers/STM32F4xx_HAL_Driver/Src/stm32f4xx_hal_cortex.o
                0x00000000080017d2                HAL_NVIC_SetPriority
 .text.HAL_NVIC_EnableIRQ
                0x000000000800180a       0x1c ./Drivers/STM32F4xx_HAL_Driver/Src/stm32f4xx_hal_cortex.o
                0x000000000800180a                HAL_NVIC_EnableIRQ
 .text.HAL_SYSTICK_Config
                0x0000000008001826       0x18 ./Drivers/STM32F4xx_HAL_Driver/Src/stm32f4xx_hal_cortex.o
                0x0000000008001826                HAL_SYSTICK_Config
 .text.HAL_DMA_Abort
                0x000000000800183e       0xe0 ./Drivers/STM32F4xx_HAL_Driver/Src/stm32f4xx_hal_dma.o
                0x000000000800183e                HAL_DMA_Abort
 .text.HAL_DMA_Abort_IT
                0x000000000800191e       0x44 ./Drivers/STM32F4xx_HAL_Driver/Src/stm32f4xx_hal_dma.o
                0x000000000800191e                HAL_DMA_Abort_IT
 *fill*         0x0000000008001962        0x2 
 .text.HAL_GPIO_Init
                0x0000000008001964      0x358 ./Drivers/STM32F4xx_HAL_Driver/Src/stm32f4xx_hal_gpio.o
                0x0000000008001964                HAL_GPIO_Init
 .text.HAL_RCC_OscConfig
                0x0000000008001cbc      0x4f0 ./Drivers/STM32F4xx_HAL_Driver/Src/stm32f4xx_hal_rcc.o
                0x0000000008001cbc                HAL_RCC_OscConfig
 .text.HAL_RCC_ClockConfig
                0x00000000080021ac      0x1cc ./Drivers/STM32F4xx_HAL_Driver/Src/stm32f4xx_hal_rcc.o
                0x00000000080021ac                HAL_RCC_ClockConfig
 .text.HAL_RCC_GetSysClockFreq
                0x0000000008002378      0x18c ./Drivers/STM32F4xx_HAL_Driver/Src/stm32f4xx_hal_rcc.o
                0x0000000008002378                HAL_RCC_GetSysClockFreq
 .text.HAL_RCC_GetHCLKFreq
                0x0000000008002504       0x18 ./Drivers/STM32F4xx_HAL_Driver/Src/stm32f4xx_hal_rcc.o
                0x0000000008002504                HAL_RCC_GetHCLKFreq
 .text.HAL_RCC_GetPCLK1Freq
                0x000000000800251c       0x28 ./Drivers/STM32F4xx_HAL_Driver/Src/stm32f4xx_hal_rcc.o
                0x000000000800251c                HAL_RCC_GetPCLK1Freq
 .text.HAL_RCC_GetPCLK2Freq
                0x0000000008002544       0x28 ./Drivers/STM32F4xx_HAL_Driver/Src/stm32f4xx_hal_rcc.o
                0x0000000008002544                HAL_RCC_GetPCLK2Freq
 .text.HAL_TIM_Base_Init
                0x000000000800256c       0x9e ./Drivers/STM32F4xx_HAL_Driver/Src/stm32f4xx_hal_tim.o
                0x000000000800256c                HAL_TIM_Base_Init
 *fill*         0x000000000800260a        0x2 
 .text.HAL_TIM_Base_Start_IT
                0x000000000800260c       0xe0 ./Drivers/STM32F4xx_HAL_Driver/Src/stm32f4xx_hal_tim.o
                0x000000000800260c                HAL_TIM_Base_Start_IT
 .text.HAL_TIM_PWM_Init
                0x00000000080026ec       0x9e ./Drivers/STM32F4xx_HAL_Driver/Src/stm32f4xx_hal_tim.o
                0x00000000080026ec                HAL_TIM_PWM_Init
 .text.HAL_TIM_PWM_MspInit
                0x000000000800278a       0x14 ./Drivers/STM32F4xx_HAL_Driver/Src/stm32f4xx_hal_tim.o
                0x000000000800278a                HAL_TIM_PWM_MspInit
 *fill*         0x000000000800279e        0x2 
 .text.HAL_TIM_PWM_Start
                0x00000000080027a0      0x190 ./Drivers/STM32F4xx_HAL_Driver/Src/stm32f4xx_hal_tim.o
                0x00000000080027a0                HAL_TIM_PWM_Start
 .text.HAL_TIM_IRQHandler
                0x0000000008002930      0x210 ./Drivers/STM32F4xx_HAL_Driver/Src/stm32f4xx_hal_tim.o
                0x0000000008002930                HAL_TIM_IRQHandler
 .text.HAL_TIM_PWM_ConfigChannel
                0x0000000008002b40      0x184 ./Drivers/STM32F4xx_HAL_Driver/Src/stm32f4xx_hal_tim.o
                0x0000000008002b40                HAL_TIM_PWM_ConfigChannel
 .text.HAL_TIM_ConfigClockSource
                0x0000000008002cc4      0x18e ./Drivers/STM32F4xx_HAL_Driver/Src/stm32f4xx_hal_tim.o
                0x0000000008002cc4                HAL_TIM_ConfigClockSource
 .text.HAL_TIM_OC_DelayElapsedCallback
                0x0000000008002e52       0x14 ./Drivers/STM32F4xx_HAL_Driver/Src/stm32f4xx_hal_tim.o
                0x0000000008002e52                HAL_TIM_OC_DelayElapsedCallback
 .text.HAL_TIM_IC_CaptureCallback
                0x0000000008002e66       0x14 ./Drivers/STM32F4xx_HAL_Driver/Src/stm32f4xx_hal_tim.o
                0x0000000008002e66                HAL_TIM_IC_CaptureCallback
 .text.HAL_TIM_PWM_PulseFinishedCallback
                0x0000000008002e7a       0x14 ./Drivers/STM32F4xx_HAL_Driver/Src/stm32f4xx_hal_tim.o
                0x0000000008002e7a                HAL_TIM_PWM_PulseFinishedCallback
 .text.HAL_TIM_TriggerCallback
                0x0000000008002e8e       0x14 ./Drivers/STM32F4xx_HAL_Driver/Src/stm32f4xx_hal_tim.o
                0x0000000008002e8e                HAL_TIM_TriggerCallback
 *fill*         0x0000000008002ea2        0x2 
 .text.TIM_Base_SetConfig
                0x0000000008002ea4      0x140 ./Drivers/STM32F4xx_HAL_Driver/Src/stm32f4xx_hal_tim.o
                0x0000000008002ea4                TIM_Base_SetConfig
 .text.TIM_OC1_SetConfig
                0x0000000008002fe4       0xe0 ./Drivers/STM32F4xx_HAL_Driver/Src/stm32f4xx_hal_tim.o
 .text.TIM_OC2_SetConfig
                0x00000000080030c4       0xec ./Drivers/STM32F4xx_HAL_Driver/Src/stm32f4xx_hal_tim.o
                0x00000000080030c4                TIM_OC2_SetConfig
 .text.TIM_OC3_SetConfig
                0x00000000080031b0       0xe8 ./Drivers/STM32F4xx_HAL_Driver/Src/stm32f4xx_hal_tim.o
 .text.TIM_OC4_SetConfig
                0x0000000008003298       0xac ./Drivers/STM32F4xx_HAL_Driver/Src/stm32f4xx_hal_tim.o
 .text.TIM_TI1_ConfigInputStage
                0x0000000008003344       0x5e ./Drivers/STM32F4xx_HAL_Driver/Src/stm32f4xx_hal_tim.o
 .text.TIM_TI2_ConfigInputStage
                0x00000000080033a2       0x60 ./Drivers/STM32F4xx_HAL_Driver/Src/stm32f4xx_hal_tim.o
 .text.TIM_ITRx_SetConfig
                0x0000000008003402       0x36 ./Drivers/STM32F4xx_HAL_Driver/Src/stm32f4xx_hal_tim.o
 .text.TIM_ETR_SetConfig
                0x0000000008003438       0x40 ./Drivers/STM32F4xx_HAL_Driver/Src/stm32f4xx_hal_tim.o
                0x0000000008003438                TIM_ETR_SetConfig
 .text.TIM_CCxChannelCmd
                0x0000000008003478       0x4a ./Drivers/STM32F4xx_HAL_Driver/Src/stm32f4xx_hal_tim.o
                0x0000000008003478                TIM_CCxChannelCmd
 *fill*         0x00000000080034c2        0x2 
 .text.HAL_TIMEx_MasterConfigSynchronization
                0x00000000080034c4       0xf8 ./Drivers/STM32F4xx_HAL_Driver/Src/stm32f4xx_hal_tim_ex.o
                0x00000000080034c4                HAL_TIMEx_MasterConfigSynchronization
 .text.HAL_TIMEx_ConfigBreakDeadTime
                0x00000000080035bc       0xa4 ./Drivers/STM32F4xx_HAL_Driver/Src/stm32f4xx_hal_tim_ex.o
                0x00000000080035bc                HAL_TIMEx_ConfigBreakDeadTime
 .text.HAL_TIMEx_CommutCallback
                0x0000000008003660       0x14 ./Drivers/STM32F4xx_HAL_Driver/Src/stm32f4xx_hal_tim_ex.o
                0x0000000008003660                HAL_TIMEx_CommutCallback
 .text.HAL_TIMEx_BreakCallback
                0x0000000008003674       0x14 ./Drivers/STM32F4xx_HAL_Driver/Src/stm32f4xx_hal_tim_ex.o
                0x0000000008003674                HAL_TIMEx_BreakCallback
 .text.HAL_UART_Init
                0x0000000008003688       0x9a ./Drivers/STM32F4xx_HAL_Driver/Src/stm32f4xx_hal_uart.o
                0x0000000008003688                HAL_UART_Init
 .text.HAL_UART_Transmit
                0x0000000008003722      0x124 ./Drivers/STM32F4xx_HAL_Driver/Src/stm32f4xx_hal_uart.o
                0x0000000008003722                HAL_UART_Transmit
 .text.HAL_UART_Receive
                0x0000000008003846      0x144 ./Drivers/STM32F4xx_HAL_Driver/Src/stm32f4xx_hal_uart.o
                0x0000000008003846                HAL_UART_Receive
 .text.HAL_UART_Transmit_IT
                0x000000000800398a       0x8a ./Drivers/STM32F4xx_HAL_Driver/Src/stm32f4xx_hal_uart.o
                0x000000000800398a                HAL_UART_Transmit_IT
 .text.HAL_UART_Receive_IT
                0x0000000008003a14       0x60 ./Drivers/STM32F4xx_HAL_Driver/Src/stm32f4xx_hal_uart.o
                0x0000000008003a14                HAL_UART_Receive_IT
 .text.HAL_UART_IRQHandler
                0x0000000008003a74      0x51c ./Drivers/STM32F4xx_HAL_Driver/Src/stm32f4xx_hal_uart.o
                0x0000000008003a74                HAL_UART_IRQHandler
 .text.HAL_UART_ErrorCallback
                0x0000000008003f90       0x14 ./Drivers/STM32F4xx_HAL_Driver/Src/stm32f4xx_hal_uart.o
                0x0000000008003f90                HAL_UART_ErrorCallback
 .text.HAL_UARTEx_RxEventCallback
                0x0000000008003fa4       0x18 ./Drivers/STM32F4xx_HAL_Driver/Src/stm32f4xx_hal_uart.o
                0x0000000008003fa4                HAL_UARTEx_RxEventCallback
 .text.UART_WaitOnFlagUntilTimeout
                0x0000000008003fbc       0xdc ./Drivers/STM32F4xx_HAL_Driver/Src/stm32f4xx_hal_uart.o
 .text.UART_Start_Receive_IT
                0x0000000008004098       0x7c ./Drivers/STM32F4xx_HAL_Driver/Src/stm32f4xx_hal_uart.o
                0x0000000008004098                UART_Start_Receive_IT
 .text.UART_EndRxTransfer
                0x0000000008004114       0xc6 ./Drivers/STM32F4xx_HAL_Driver/Src/stm32f4xx_hal_uart.o
 .text.UART_DMAAbortOnError
                0x00000000080041da       0x28 ./Drivers/STM32F4xx_HAL_Driver/Src/stm32f4xx_hal_uart.o
 .text.UART_Transmit_IT
                0x0000000008004202       0xa0 ./Drivers/STM32F4xx_HAL_Driver/Src/stm32f4xx_hal_uart.o
 .text.UART_EndTransmit_IT
                0x00000000080042a2       0x30 ./Drivers/STM32F4xx_HAL_Driver/Src/stm32f4xx_hal_uart.o
 .text.UART_Receive_IT
                0x00000000080042d2      0x176 ./Drivers/STM32F4xx_HAL_Driver/Src/stm32f4xx_hal_uart.o
 .text.UART_SetConfig
                0x0000000008004448      0x4e8 ./Drivers/STM32F4xx_HAL_Driver/Src/stm32f4xx_hal_uart.o
 .text.__errno  0x0000000008004930        0xc c:/st/stm32cubeide_1.9.0/stm32cubeide/plugins/com.st.stm32cube.ide.mcu.externaltools.gnu-tools-for-stm32.10.3-2021.10.win32_1.0.0.202111181127/tools/bin/../lib/gcc/arm-none-eabi/10.3.1/../../../../arm-none-eabi/lib/thumb/v7e-m+fp/hard\libc_nano.a(lib_a-errno.o)
                0x0000000008004930                __errno
 .text.__libc_init_array
                0x000000000800493c       0x48 c:/st/stm32cubeide_1.9.0/stm32cubeide/plugins/com.st.stm32cube.ide.mcu.externaltools.gnu-tools-for-stm32.10.3-2021.10.win32_1.0.0.202111181127/tools/bin/../lib/gcc/arm-none-eabi/10.3.1/../../../../arm-none-eabi/lib/thumb/v7e-m+fp/hard\libc_nano.a(lib_a-init.o)
                0x000000000800493c                __libc_init_array
 .text.memset   0x0000000008004984       0x10 c:/st/stm32cubeide_1.9.0/stm32cubeide/plugins/com.st.stm32cube.ide.mcu.externaltools.gnu-tools-for-stm32.10.3-2021.10.win32_1.0.0.202111181127/tools/bin/../lib/gcc/arm-none-eabi/10.3.1/../../../../arm-none-eabi/lib/thumb/v7e-m+fp/hard\libc_nano.a(lib_a-memset.o)
                0x0000000008004984                memset
 .text.sprintf  0x0000000008004994       0x40 c:/st/stm32cubeide_1.9.0/stm32cubeide/plugins/com.st.stm32cube.ide.mcu.externaltools.gnu-tools-for-stm32.10.3-2021.10.win32_1.0.0.202111181127/tools/bin/../lib/gcc/arm-none-eabi/10.3.1/../../../../arm-none-eabi/lib/thumb/v7e-m+fp/hard\libc_nano.a(lib_a-sprintf.o)
                0x0000000008004994                siprintf
                0x0000000008004994                sprintf
 .text.__ssputs_r
                0x00000000080049d4       0xb6 c:/st/stm32cubeide_1.9.0/stm32cubeide/plugins/com.st.stm32cube.ide.mcu.externaltools.gnu-tools-for-stm32.10.3-2021.10.win32_1.0.0.202111181127/tools/bin/../lib/gcc/arm-none-eabi/10.3.1/../../../../arm-none-eabi/lib/thumb/v7e-m+fp/hard\libc_nano.a(lib_a-nano-svfprintf.o)
                0x00000000080049d4                __ssputs_r
 *fill*         0x0000000008004a8a        0x2 
 .text._svfprintf_r
                0x0000000008004a8c      0x200 c:/st/stm32cubeide_1.9.0/stm32cubeide/plugins/com.st.stm32cube.ide.mcu.externaltools.gnu-tools-for-stm32.10.3-2021.10.win32_1.0.0.202111181127/tools/bin/../lib/gcc/arm-none-eabi/10.3.1/../../../../arm-none-eabi/lib/thumb/v7e-m+fp/hard\libc_nano.a(lib_a-nano-svfprintf.o)
                0x0000000008004a8c                _svfiprintf_r
                0x0000000008004a8c                _svfprintf_r
 .text._printf_common
                0x0000000008004c8c       0xda c:/st/stm32cubeide_1.9.0/stm32cubeide/plugins/com.st.stm32cube.ide.mcu.externaltools.gnu-tools-for-stm32.10.3-2021.10.win32_1.0.0.202111181127/tools/bin/../lib/gcc/arm-none-eabi/10.3.1/../../../../arm-none-eabi/lib/thumb/v7e-m+fp/hard\libc_nano.a(lib_a-nano-vfprintf_i.o)
                0x0000000008004c8c                _printf_common
 *fill*         0x0000000008004d66        0x2 
 .text._printf_i
                0x0000000008004d68      0x24c c:/st/stm32cubeide_1.9.0/stm32cubeide/plugins/com.st.stm32cube.ide.mcu.externaltools.gnu-tools-for-stm32.10.3-2021.10.win32_1.0.0.202111181127/tools/bin/../lib/gcc/arm-none-eabi/10.3.1/../../../../arm-none-eabi/lib/thumb/v7e-m+fp/hard\libc_nano.a(lib_a-nano-vfprintf_i.o)
                0x0000000008004d68                _printf_i
 .text.memcpy   0x0000000008004fb4       0x1c c:/st/stm32cubeide_1.9.0/stm32cubeide/plugins/com.st.stm32cube.ide.mcu.externaltools.gnu-tools-for-stm32.10.3-2021.10.win32_1.0.0.202111181127/tools/bin/../lib/gcc/arm-none-eabi/10.3.1/../../../../arm-none-eabi/lib/thumb/v7e-m+fp/hard\libc_nano.a(lib_a-memcpy-stub.o)
                0x0000000008004fb4                memcpy
 .text.memmove  0x0000000008004fd0       0x34 c:/st/stm32cubeide_1.9.0/stm32cubeide/plugins/com.st.stm32cube.ide.mcu.externaltools.gnu-tools-for-stm32.10.3-2021.10.win32_1.0.0.202111181127/tools/bin/../lib/gcc/arm-none-eabi/10.3.1/../../../../arm-none-eabi/lib/thumb/v7e-m+fp/hard\libc_nano.a(lib_a-memmove.o)
                0x0000000008004fd0                memmove
 .text._free_r  0x0000000008005004       0x98 c:/st/stm32cubeide_1.9.0/stm32cubeide/plugins/com.st.stm32cube.ide.mcu.externaltools.gnu-tools-for-stm32.10.3-2021.10.win32_1.0.0.202111181127/tools/bin/../lib/gcc/arm-none-eabi/10.3.1/../../../../arm-none-eabi/lib/thumb/v7e-m+fp/hard\libc_nano.a(lib_a-nano-freer.o)
                0x0000000008005004                _free_r
 .text.sbrk_aligned
                0x000000000800509c       0x40 c:/st/stm32cubeide_1.9.0/stm32cubeide/plugins/com.st.stm32cube.ide.mcu.externaltools.gnu-tools-for-stm32.10.3-2021.10.win32_1.0.0.202111181127/tools/bin/../lib/gcc/arm-none-eabi/10.3.1/../../../../arm-none-eabi/lib/thumb/v7e-m+fp/hard\libc_nano.a(lib_a-nano-mallocr.o)
 .text._malloc_r
                0x00000000080050dc       0xe8 c:/st/stm32cubeide_1.9.0/stm32cubeide/plugins/com.st.stm32cube.ide.mcu.externaltools.gnu-tools-for-stm32.10.3-2021.10.win32_1.0.0.202111181127/tools/bin/../lib/gcc/arm-none-eabi/10.3.1/../../../../arm-none-eabi/lib/thumb/v7e-m+fp/hard\libc_nano.a(lib_a-nano-mallocr.o)
                0x00000000080050dc                _malloc_r
 .text._realloc_r
                0x00000000080051c4       0x5e c:/st/stm32cubeide_1.9.0/stm32cubeide/plugins/com.st.stm32cube.ide.mcu.externaltools.gnu-tools-for-stm32.10.3-2021.10.win32_1.0.0.202111181127/tools/bin/../lib/gcc/arm-none-eabi/10.3.1/../../../../arm-none-eabi/lib/thumb/v7e-m+fp/hard\libc_nano.a(lib_a-nano-reallocr.o)
                0x00000000080051c4                _realloc_r
 *fill*         0x0000000008005222        0x2 
 .text._sbrk_r  0x0000000008005224       0x20 c:/st/stm32cubeide_1.9.0/stm32cubeide/plugins/com.st.stm32cube.ide.mcu.externaltools.gnu-tools-for-stm32.10.3-2021.10.win32_1.0.0.202111181127/tools/bin/../lib/gcc/arm-none-eabi/10.3.1/../../../../arm-none-eabi/lib/thumb/v7e-m+fp/hard\libc_nano.a(lib_a-sbrkr.o)
                0x0000000008005224                _sbrk_r
 .text.__malloc_lock
                0x0000000008005244        0xc c:/st/stm32cubeide_1.9.0/stm32cubeide/plugins/com.st.stm32cube.ide.mcu.externaltools.gnu-tools-for-stm32.10.3-2021.10.win32_1.0.0.202111181127/tools/bin/../lib/gcc/arm-none-eabi/10.3.1/../../../../arm-none-eabi/lib/thumb/v7e-m+fp/hard\libc_nano.a(lib_a-mlock.o)
                0x0000000008005244                __malloc_lock
 .text.__malloc_unlock
                0x0000000008005250        0xc c:/st/stm32cubeide_1.9.0/stm32cubeide/plugins/com.st.stm32cube.ide.mcu.externaltools.gnu-tools-for-stm32.10.3-2021.10.win32_1.0.0.202111181127/tools/bin/../lib/gcc/arm-none-eabi/10.3.1/../../../../arm-none-eabi/lib/thumb/v7e-m+fp/hard\libc_nano.a(lib_a-mlock.o)
                0x0000000008005250                __malloc_unlock
 .text._malloc_usable_size_r
                0x000000000800525c       0x10 c:/st/stm32cubeide_1.9.0/stm32cubeide/plugins/com.st.stm32cube.ide.mcu.externaltools.gnu-tools-for-stm32.10.3-2021.10.win32_1.0.0.202111181127/tools/bin/../lib/gcc/arm-none-eabi/10.3.1/../../../../arm-none-eabi/lib/thumb/v7e-m+fp/hard\libc_nano.a(lib_a-nano-msizer.o)
                0x000000000800525c                _malloc_usable_size_r
 .text.__retarget_lock_acquire_recursive
                0x000000000800526c        0x2 c:/st/stm32cubeide_1.9.0/stm32cubeide/plugins/com.st.stm32cube.ide.mcu.externaltools.gnu-tools-for-stm32.10.3-2021.10.win32_1.0.0.202111181127/tools/bin/../lib/gcc/arm-none-eabi/10.3.1/../../../../arm-none-eabi/lib/thumb/v7e-m+fp/hard\libc_nano.a(lib_a-lock.o)
                0x000000000800526c                __retarget_lock_acquire_recursive
 .text.__retarget_lock_release_recursive
                0x000000000800526e        0x2 c:/st/stm32cubeide_1.9.0/stm32cubeide/plugins/com.st.stm32cube.ide.mcu.externaltools.gnu-tools-for-stm32.10.3-2021.10.win32_1.0.0.202111181127/tools/bin/../lib/gcc/arm-none-eabi/10.3.1/../../../../arm-none-eabi/lib/thumb/v7e-m+fp/hard\libc_nano.a(lib_a-lock.o)
                0x000000000800526e                __retarget_lock_release_recursive
 *(.glue_7)
 .glue_7        0x0000000008005270        0x0 linker stubs
 *(.glue_7t)
 .glue_7t       0x0000000008005270        0x0 linker stubs
 *(.eh_frame)
 .eh_frame      0x0000000008005270        0x0 c:/st/stm32cubeide_1.9.0/stm32cubeide/plugins/com.st.stm32cube.ide.mcu.externaltools.gnu-tools-for-stm32.10.3-2021.10.win32_1.0.0.202111181127/tools/bin/../lib/gcc/arm-none-eabi/10.3.1/thumb/v7e-m+fp/hard/crtbegin.o
 *(.init)
 .init          0x0000000008005270        0x4 c:/st/stm32cubeide_1.9.0/stm32cubeide/plugins/com.st.stm32cube.ide.mcu.externaltools.gnu-tools-for-stm32.10.3-2021.10.win32_1.0.0.202111181127/tools/bin/../lib/gcc/arm-none-eabi/10.3.1/thumb/v7e-m+fp/hard/crti.o
                0x0000000008005270                _init
 .init          0x0000000008005274        0x8 c:/st/stm32cubeide_1.9.0/stm32cubeide/plugins/com.st.stm32cube.ide.mcu.externaltools.gnu-tools-for-stm32.10.3-2021.10.win32_1.0.0.202111181127/tools/bin/../lib/gcc/arm-none-eabi/10.3.1/thumb/v7e-m+fp/hard/crtn.o
 *(.fini)
 .fini          0x000000000800527c        0x4 c:/st/stm32cubeide_1.9.0/stm32cubeide/plugins/com.st.stm32cube.ide.mcu.externaltools.gnu-tools-for-stm32.10.3-2021.10.win32_1.0.0.202111181127/tools/bin/../lib/gcc/arm-none-eabi/10.3.1/thumb/v7e-m+fp/hard/crti.o
                0x000000000800527c                _fini
 .fini          0x0000000008005280        0x8 c:/st/stm32cubeide_1.9.0/stm32cubeide/plugins/com.st.stm32cube.ide.mcu.externaltools.gnu-tools-for-stm32.10.3-2021.10.win32_1.0.0.202111181127/tools/bin/../lib/gcc/arm-none-eabi/10.3.1/thumb/v7e-m+fp/hard/crtn.o
                0x0000000008005288                . = ALIGN (0x4)
                0x0000000008005288                _etext = .

.vfp11_veneer   0x0000000008005288        0x0
 .vfp11_veneer  0x0000000008005288        0x0 linker stubs

.v4_bx          0x0000000008005288        0x0
 .v4_bx         0x0000000008005288        0x0 linker stubs

.iplt           0x0000000008005288        0x0
 .iplt          0x0000000008005288        0x0 c:/st/stm32cubeide_1.9.0/stm32cubeide/plugins/com.st.stm32cube.ide.mcu.externaltools.gnu-tools-for-stm32.10.3-2021.10.win32_1.0.0.202111181127/tools/bin/../lib/gcc/arm-none-eabi/10.3.1/thumb/v7e-m+fp/hard/crtbegin.o

.rodata         0x0000000008005288      0x1a4
                0x0000000008005288                . = ALIGN (0x4)
 *(.rodata)
 .rodata        0x0000000008005288        0x3 ./Core/Src/drivers/uart_blocking_driver.o
 *fill*         0x000000000800528b        0x1 
 .rodata        0x000000000800528c        0x3 ./Core/Src/drivers/uart_interrupt_driver.o
 *fill*         0x000000000800528f        0x1 
 .rodata        0x0000000008005290      0x14d ./Core/Src/main.o
 *(.rodata*)
 *fill*         0x00000000080053dd        0x3 
 .rodata.AHBPrescTable
                0x00000000080053e0       0x10 ./Core/Src/system_stm32f4xx.o
                0x00000000080053e0                AHBPrescTable
 .rodata.APBPrescTable
                0x00000000080053f0        0x8 ./Core/Src/system_stm32f4xx.o
                0x00000000080053f0                APBPrescTable
 .rodata._svfprintf_r.str1.1
                0x00000000080053f8       0x11 c:/st/stm32cubeide_1.9.0/stm32cubeide/plugins/com.st.stm32cube.ide.mcu.externaltools.gnu-tools-for-stm32.10.3-2021.10.win32_1.0.0.202111181127/tools/bin/../lib/gcc/arm-none-eabi/10.3.1/../../../../arm-none-eabi/lib/thumb/v7e-m+fp/hard\libc_nano.a(lib_a-nano-svfprintf.o)
 .rodata._printf_i.str1.1
                0x0000000008005409       0x22 c:/st/stm32cubeide_1.9.0/stm32cubeide/plugins/com.st.stm32cube.ide.mcu.externaltools.gnu-tools-for-stm32.10.3-2021.10.win32_1.0.0.202111181127/tools/bin/../lib/gcc/arm-none-eabi/10.3.1/../../../../arm-none-eabi/lib/thumb/v7e-m+fp/hard\libc_nano.a(lib_a-nano-vfprintf_i.o)
                0x000000000800542c                . = ALIGN (0x4)
 *fill*         0x000000000800542b        0x1 

.ARM.extab      0x000000000800542c        0x0
                0x000000000800542c                . = ALIGN (0x4)
 *(.ARM.extab* .gnu.linkonce.armextab.*)
                0x000000000800542c                . = ALIGN (0x4)

.ARM            0x000000000800542c        0x8
                0x000000000800542c                . = ALIGN (0x4)
                0x000000000800542c                __exidx_start = .
 *(.ARM.exidx*)
 .ARM.exidx     0x000000000800542c        0x8 c:/st/stm32cubeide_1.9.0/stm32cubeide/plugins/com.st.stm32cube.ide.mcu.externaltools.gnu-tools-for-stm32.10.3-2021.10.win32_1.0.0.202111181127/tools/bin/../lib/gcc/arm-none-eabi/10.3.1/thumb/v7e-m+fp/hard\libgcc.a(_udivmoddi4.o)
                0x0000000008005434                __exidx_end = .
                0x0000000008005434                . = ALIGN (0x4)

.rel.dyn        0x0000000008005434        0x0
 .rel.iplt      0x0000000008005434        0x0 c:/st/stm32cubeide_1.9.0/stm32cubeide/plugins/com.st.stm32cube.ide.mcu.externaltools.gnu-tools-for-stm32.10.3-2021.10.win32_1.0.0.202111181127/tools/bin/../lib/gcc/arm-none-eabi/10.3.1/thumb/v7e-m+fp/hard/crtbegin.o

.preinit_array  0x0000000008005434        0x0
                0x0000000008005434                . = ALIGN (0x4)
                0x0000000008005434                PROVIDE (__preinit_array_start = .)
 *(.preinit_array*)
                0x0000000008005434                PROVIDE (__preinit_array_end = .)
                0x0000000008005434                . = ALIGN (0x4)

.init_array     0x0000000008005434        0x4
                0x0000000008005434                . = ALIGN (0x4)
                0x0000000008005434                PROVIDE (__init_array_start = .)
 *(SORT_BY_NAME(.init_array.*))
 *(.init_array*)
 .init_array    0x0000000008005434        0x4 c:/st/stm32cubeide_1.9.0/stm32cubeide/plugins/com.st.stm32cube.ide.mcu.externaltools.gnu-tools-for-stm32.10.3-2021.10.win32_1.0.0.202111181127/tools/bin/../lib/gcc/arm-none-eabi/10.3.1/thumb/v7e-m+fp/hard/crtbegin.o
                0x0000000008005438                PROVIDE (__init_array_end = .)
                0x0000000008005438                . = ALIGN (0x4)

.fini_array     0x0000000008005438        0x4
                0x0000000008005438                . = ALIGN (0x4)
                [!provide]                        PROVIDE (__fini_array_start = .)
 *(SORT_BY_NAME(.fini_array.*))
 *(.fini_array*)
 .fini_array    0x0000000008005438        0x4 c:/st/stm32cubeide_1.9.0/stm32cubeide/plugins/com.st.stm32cube.ide.mcu.externaltools.gnu-tools-for-stm32.10.3-2021.10.win32_1.0.0.202111181127/tools/bin/../lib/gcc/arm-none-eabi/10.3.1/thumb/v7e-m+fp/hard/crtbegin.o
                [!provide]                        PROVIDE (__fini_array_end = .)
                0x000000000800543c                . = ALIGN (0x4)
                0x000000000800543c                _sidata = LOADADDR (.data)

.data           0x0000000020000000       0x88 load address 0x000000000800543c
                0x0000000020000000                . = ALIGN (0x4)
                0x0000000020000000                _sdata = .
 *(.data)
 *(.data*)
 .data.rn       0x0000000020000000        0x4 ./Core/Src/drivers/uart_blocking_driver.o
 .data.rn       0x0000000020000004        0x4 ./Core/Src/drivers/uart_interrupt_driver.o
 .data.read_buffer
                0x0000000020000008        0x4 ./Core/Src/main.o
                0x0000000020000008                read_buffer
 .data.interrupts_mode
                0x000000002000000c        0x1 ./Core/Src/main.o
                0x000000002000000c                interrupts_mode
 .data.note     0x000000002000000d        0x1 ./Core/Src/main.o
 .data.octave   0x000000002000000e        0x1 ./Core/Src/main.o
 *fill*         0x000000002000000f        0x1 
 .data.playtime
                0x0000000020000010        0x4 ./Core/Src/main.o
 .data.notes_count
                0x0000000020000014        0x1 ./Core/Src/main.o
 *fill*         0x0000000020000015        0x3 
 .data.SystemCoreClock
                0x0000000020000018        0x4 ./Core/Src/system_stm32f4xx.o
                0x0000000020000018                SystemCoreClock
 .data.uwTickPrio
                0x000000002000001c        0x4 ./Drivers/STM32F4xx_HAL_Driver/Src/stm32f4xx_hal.o
                0x000000002000001c                uwTickPrio
 .data.uwTickFreq
                0x0000000020000020        0x1 ./Drivers/STM32F4xx_HAL_Driver/Src/stm32f4xx_hal.o
                0x0000000020000020                uwTickFreq
 *fill*         0x0000000020000021        0x3 
 .data._impure_ptr
                0x0000000020000024        0x4 c:/st/stm32cubeide_1.9.0/stm32cubeide/plugins/com.st.stm32cube.ide.mcu.externaltools.gnu-tools-for-stm32.10.3-2021.10.win32_1.0.0.202111181127/tools/bin/../lib/gcc/arm-none-eabi/10.3.1/../../../../arm-none-eabi/lib/thumb/v7e-m+fp/hard\libc_nano.a(lib_a-impure.o)
                0x0000000020000024                _impure_ptr
 .data.impure_data
                0x0000000020000028       0x60 c:/st/stm32cubeide_1.9.0/stm32cubeide/plugins/com.st.stm32cube.ide.mcu.externaltools.gnu-tools-for-stm32.10.3-2021.10.win32_1.0.0.202111181127/tools/bin/../lib/gcc/arm-none-eabi/10.3.1/../../../../arm-none-eabi/lib/thumb/v7e-m+fp/hard\libc_nano.a(lib_a-impure.o)
 *(.RamFunc)
 *(.RamFunc*)
                0x0000000020000088                . = ALIGN (0x4)
                0x0000000020000088                _edata = .
                0x00000000080054c4                _siccmram = LOADADDR (.ccmram)

.igot.plt       0x0000000020000088        0x0 load address 0x00000000080054c4
 .igot.plt      0x0000000020000088        0x0 c:/st/stm32cubeide_1.9.0/stm32cubeide/plugins/com.st.stm32cube.ide.mcu.externaltools.gnu-tools-for-stm32.10.3-2021.10.win32_1.0.0.202111181127/tools/bin/../lib/gcc/arm-none-eabi/10.3.1/thumb/v7e-m+fp/hard/crtbegin.o

.ccmram         0x0000000010000000        0x0 load address 0x00000000080054c4
                0x0000000010000000                . = ALIGN (0x4)
                0x0000000010000000                _sccmram = .
 *(.ccmram)
 *(.ccmram*)
                0x0000000010000000                . = ALIGN (0x4)
                0x0000000010000000                _eccmram = .
                0x0000000010000000                . = ALIGN (0x4)

.bss            0x0000000020000088      0x18c
                0x0000000020000088                _sbss = .
                0x0000000020000088                __bss_start__ = _sbss
 *(.bss)
 .bss           0x0000000020000088       0x1c c:/st/stm32cubeide_1.9.0/stm32cubeide/plugins/com.st.stm32cube.ide.mcu.externaltools.gnu-tools-for-stm32.10.3-2021.10.win32_1.0.0.202111181127/tools/bin/../lib/gcc/arm-none-eabi/10.3.1/thumb/v7e-m+fp/hard/crtbegin.o
 *(.bss*)
 .bss.received_data
                0x00000000200000a4        0x1 ./Core/Src/drivers/uart_blocking_driver.o
 *fill*         0x00000000200000a5        0x3 
 .bss.received_buffer
                0x00000000200000a8        0x2 ./Core/Src/drivers/uart_blocking_driver.o
 .bss.received_data
                0x00000000200000aa        0x1 ./Core/Src/drivers/uart_interrupt_driver.o
 *fill*         0x00000000200000ab        0x1 
 .bss.received_buffer
                0x00000000200000ac        0x2 ./Core/Src/drivers/uart_interrupt_driver.o
 *fill*         0x00000000200000ae        0x2 
 .bss.irq_state
                0x00000000200000b0        0x1 ./Core/Src/main.o
                0x00000000200000b0                irq_state
 *fill*         0x00000000200000b1        0x3 
 .bss.notes_played_ms
                0x00000000200000b4        0x4 ./Core/Src/main.o
 .bss.received_buffer_empty.0
                0x00000000200000b8        0x2 ./Core/Src/main.o
 *fill*         0x00000000200000ba        0x2 
 .bss.__sbrk_heap_end
                0x00000000200000bc        0x4 ./Core/Src/sysmem.o
 .bss.htim1     0x00000000200000c0       0x48 ./Core/Src/tim.o
                0x00000000200000c0                htim1
 .bss.htim6     0x0000000020000108       0x48 ./Core/Src/tim.o
                0x0000000020000108                htim6
 .bss.huart6    0x0000000020000150       0x44 ./Core/Src/usart.o
                0x0000000020000150                huart6
 .bss.queue     0x0000000020000194       0x64 ./Core/Src/utils/buffer.o
 .bss.insertion_index
                0x00000000200001f8        0x4 ./Core/Src/utils/buffer.o
 .bss.queue_size
                0x00000000200001fc        0x4 ./Core/Src/utils/buffer.o
 .bss.uwTick    0x0000000020000200        0x4 ./Drivers/STM32F4xx_HAL_Driver/Src/stm32f4xx_hal.o
                0x0000000020000200                uwTick
 .bss.__malloc_free_list
                0x0000000020000204        0x4 c:/st/stm32cubeide_1.9.0/stm32cubeide/plugins/com.st.stm32cube.ide.mcu.externaltools.gnu-tools-for-stm32.10.3-2021.10.win32_1.0.0.202111181127/tools/bin/../lib/gcc/arm-none-eabi/10.3.1/../../../../arm-none-eabi/lib/thumb/v7e-m+fp/hard\libc_nano.a(lib_a-nano-mallocr.o)
                0x0000000020000204                __malloc_free_list
 .bss.__malloc_sbrk_start
                0x0000000020000208        0x4 c:/st/stm32cubeide_1.9.0/stm32cubeide/plugins/com.st.stm32cube.ide.mcu.externaltools.gnu-tools-for-stm32.10.3-2021.10.win32_1.0.0.202111181127/tools/bin/../lib/gcc/arm-none-eabi/10.3.1/../../../../arm-none-eabi/lib/thumb/v7e-m+fp/hard\libc_nano.a(lib_a-nano-mallocr.o)
                0x0000000020000208                __malloc_sbrk_start
 .bss.errno     0x000000002000020c        0x4 c:/st/stm32cubeide_1.9.0/stm32cubeide/plugins/com.st.stm32cube.ide.mcu.externaltools.gnu-tools-for-stm32.10.3-2021.10.win32_1.0.0.202111181127/tools/bin/../lib/gcc/arm-none-eabi/10.3.1/../../../../arm-none-eabi/lib/thumb/v7e-m+fp/hard\libc_nano.a(lib_a-reent.o)
                0x000000002000020c                errno
 .bss.__lock___malloc_recursive_mutex
                0x0000000020000210        0x1 c:/st/stm32cubeide_1.9.0/stm32cubeide/plugins/com.st.stm32cube.ide.mcu.externaltools.gnu-tools-for-stm32.10.3-2021.10.win32_1.0.0.202111181127/tools/bin/../lib/gcc/arm-none-eabi/10.3.1/../../../../arm-none-eabi/lib/thumb/v7e-m+fp/hard\libc_nano.a(lib_a-lock.o)
                0x0000000020000210                __lock___malloc_recursive_mutex
 *(COMMON)
                0x0000000020000214                . = ALIGN (0x4)
 *fill*         0x0000000020000211        0x3 
                0x0000000020000214                _ebss = .
                0x0000000020000214                __bss_end__ = _ebss

._user_heap_stack
                0x0000000020000214      0x604
                0x0000000020000218                . = ALIGN (0x8)
 *fill*         0x0000000020000214        0x4 
                [!provide]                        PROVIDE (end = .)
                0x0000000020000218                PROVIDE (_end = .)
                0x0000000020000418                . = (. + _Min_Heap_Size)
 *fill*         0x0000000020000218      0x200 
                0x0000000020000818                . = (. + _Min_Stack_Size)
 *fill*         0x0000000020000418      0x400 
                0x0000000020000818                . = ALIGN (0x8)

/DISCARD/
 libc.a(*)
 libm.a(*)
 libgcc.a(*)

.ARM.attributes
                0x0000000000000000       0x30
 *(.ARM.attributes)
 .ARM.attributes
                0x0000000000000000       0x1e c:/st/stm32cubeide_1.9.0/stm32cubeide/plugins/com.st.stm32cube.ide.mcu.externaltools.gnu-tools-for-stm32.10.3-2021.10.win32_1.0.0.202111181127/tools/bin/../lib/gcc/arm-none-eabi/10.3.1/thumb/v7e-m+fp/hard/crti.o
 .ARM.attributes
                0x000000000000001e       0x34 c:/st/stm32cubeide_1.9.0/stm32cubeide/plugins/com.st.stm32cube.ide.mcu.externaltools.gnu-tools-for-stm32.10.3-2021.10.win32_1.0.0.202111181127/tools/bin/../lib/gcc/arm-none-eabi/10.3.1/thumb/v7e-m+fp/hard/crtbegin.o
 .ARM.attributes
                0x0000000000000052       0x34 ./Core/Src/drivers/uart_blocking_driver.o
 .ARM.attributes
                0x0000000000000086       0x34 ./Core/Src/drivers/uart_interrupt_driver.o
 .ARM.attributes
                0x00000000000000ba       0x34 ./Core/Src/gpio.o
 .ARM.attributes
                0x00000000000000ee       0x34 ./Core/Src/main.o
 .ARM.attributes
                0x0000000000000122       0x34 ./Core/Src/stm32f4xx_hal_msp.o
 .ARM.attributes
                0x0000000000000156       0x34 ./Core/Src/stm32f4xx_it.o
 .ARM.attributes
                0x000000000000018a       0x34 ./Core/Src/sysmem.o
 .ARM.attributes
                0x00000000000001be       0x34 ./Core/Src/system_stm32f4xx.o
 .ARM.attributes
                0x00000000000001f2       0x34 ./Core/Src/tim.o
 .ARM.attributes
                0x0000000000000226       0x34 ./Core/Src/usart.o
 .ARM.attributes
                0x000000000000025a       0x34 ./Core/Src/utils/buffer.o
 .ARM.attributes
                0x000000000000028e       0x21 ./Core/Startup/startup_stm32f427vitx.o
 .ARM.attributes
                0x00000000000002af       0x34 ./Drivers/STM32F4xx_HAL_Driver/Src/stm32f4xx_hal.o
 .ARM.attributes
                0x00000000000002e3       0x34 ./Drivers/STM32F4xx_HAL_Driver/Src/stm32f4xx_hal_cortex.o
 .ARM.attributes
                0x0000000000000317       0x34 ./Drivers/STM32F4xx_HAL_Driver/Src/stm32f4xx_hal_dma.o
 .ARM.attributes
                0x000000000000034b       0x34 ./Drivers/STM32F4xx_HAL_Driver/Src/stm32f4xx_hal_gpio.o
 .ARM.attributes
                0x000000000000037f       0x34 ./Drivers/STM32F4xx_HAL_Driver/Src/stm32f4xx_hal_rcc.o
 .ARM.attributes
                0x00000000000003b3       0x34 ./Drivers/STM32F4xx_HAL_Driver/Src/stm32f4xx_hal_tim.o
 .ARM.attributes
                0x00000000000003e7       0x34 ./Drivers/STM32F4xx_HAL_Driver/Src/stm32f4xx_hal_tim_ex.o
 .ARM.attributes
                0x000000000000041b       0x34 ./Drivers/STM32F4xx_HAL_Driver/Src/stm32f4xx_hal_uart.o
 .ARM.attributes
                0x000000000000044f       0x34 c:/st/stm32cubeide_1.9.0/stm32cubeide/plugins/com.st.stm32cube.ide.mcu.externaltools.gnu-tools-for-stm32.10.3-2021.10.win32_1.0.0.202111181127/tools/bin/../lib/gcc/arm-none-eabi/10.3.1/../../../../arm-none-eabi/lib/thumb/v7e-m+fp/hard\libc_nano.a(lib_a-errno.o)
 .ARM.attributes
                0x0000000000000483       0x34 c:/st/stm32cubeide_1.9.0/stm32cubeide/plugins/com.st.stm32cube.ide.mcu.externaltools.gnu-tools-for-stm32.10.3-2021.10.win32_1.0.0.202111181127/tools/bin/../lib/gcc/arm-none-eabi/10.3.1/../../../../arm-none-eabi/lib/thumb/v7e-m+fp/hard\libc_nano.a(lib_a-impure.o)
 .ARM.attributes
                0x00000000000004b7       0x34 c:/st/stm32cubeide_1.9.0/stm32cubeide/plugins/com.st.stm32cube.ide.mcu.externaltools.gnu-tools-for-stm32.10.3-2021.10.win32_1.0.0.202111181127/tools/bin/../lib/gcc/arm-none-eabi/10.3.1/../../../../arm-none-eabi/lib/thumb/v7e-m+fp/hard\libc_nano.a(lib_a-init.o)
 .ARM.attributes
                0x00000000000004eb       0x34 c:/st/stm32cubeide_1.9.0/stm32cubeide/plugins/com.st.stm32cube.ide.mcu.externaltools.gnu-tools-for-stm32.10.3-2021.10.win32_1.0.0.202111181127/tools/bin/../lib/gcc/arm-none-eabi/10.3.1/../../../../arm-none-eabi/lib/thumb/v7e-m+fp/hard\libc_nano.a(lib_a-memset.o)
 .ARM.attributes
                0x000000000000051f       0x34 c:/st/stm32cubeide_1.9.0/stm32cubeide/plugins/com.st.stm32cube.ide.mcu.externaltools.gnu-tools-for-stm32.10.3-2021.10.win32_1.0.0.202111181127/tools/bin/../lib/gcc/arm-none-eabi/10.3.1/../../../../arm-none-eabi/lib/thumb/v7e-m+fp/hard\libc_nano.a(lib_a-sprintf.o)
 .ARM.attributes
                0x0000000000000553       0x17 c:/st/stm32cubeide_1.9.0/stm32cubeide/plugins/com.st.stm32cube.ide.mcu.externaltools.gnu-tools-for-stm32.10.3-2021.10.win32_1.0.0.202111181127/tools/bin/../lib/gcc/arm-none-eabi/10.3.1/../../../../arm-none-eabi/lib/thumb/v7e-m+fp/hard\libc_nano.a(lib_a-strlen.o)
 .ARM.attributes
                0x000000000000056a       0x34 c:/st/stm32cubeide_1.9.0/stm32cubeide/plugins/com.st.stm32cube.ide.mcu.externaltools.gnu-tools-for-stm32.10.3-2021.10.win32_1.0.0.202111181127/tools/bin/../lib/gcc/arm-none-eabi/10.3.1/../../../../arm-none-eabi/lib/thumb/v7e-m+fp/hard\libc_nano.a(lib_a-nano-svfprintf.o)
 .ARM.attributes
                0x000000000000059e       0x34 c:/st/stm32cubeide_1.9.0/stm32cubeide/plugins/com.st.stm32cube.ide.mcu.externaltools.gnu-tools-for-stm32.10.3-2021.10.win32_1.0.0.202111181127/tools/bin/../lib/gcc/arm-none-eabi/10.3.1/../../../../arm-none-eabi/lib/thumb/v7e-m+fp/hard\libc_nano.a(lib_a-nano-vfprintf_i.o)
 .ARM.attributes
                0x00000000000005d2       0x1c c:/st/stm32cubeide_1.9.0/stm32cubeide/plugins/com.st.stm32cube.ide.mcu.externaltools.gnu-tools-for-stm32.10.3-2021.10.win32_1.0.0.202111181127/tools/bin/../lib/gcc/arm-none-eabi/10.3.1/../../../../arm-none-eabi/lib/thumb/v7e-m+fp/hard\libc_nano.a(lib_a-memchr.o)
 .ARM.attributes
                0x00000000000005ee       0x34 c:/st/stm32cubeide_1.9.0/stm32cubeide/plugins/com.st.stm32cube.ide.mcu.externaltools.gnu-tools-for-stm32.10.3-2021.10.win32_1.0.0.202111181127/tools/bin/../lib/gcc/arm-none-eabi/10.3.1/../../../../arm-none-eabi/lib/thumb/v7e-m+fp/hard\libc_nano.a(lib_a-memcpy-stub.o)
 .ARM.attributes
                0x0000000000000622       0x34 c:/st/stm32cubeide_1.9.0/stm32cubeide/plugins/com.st.stm32cube.ide.mcu.externaltools.gnu-tools-for-stm32.10.3-2021.10.win32_1.0.0.202111181127/tools/bin/../lib/gcc/arm-none-eabi/10.3.1/../../../../arm-none-eabi/lib/thumb/v7e-m+fp/hard\libc_nano.a(lib_a-memmove.o)
 .ARM.attributes
                0x0000000000000656       0x34 c:/st/stm32cubeide_1.9.0/stm32cubeide/plugins/com.st.stm32cube.ide.mcu.externaltools.gnu-tools-for-stm32.10.3-2021.10.win32_1.0.0.202111181127/tools/bin/../lib/gcc/arm-none-eabi/10.3.1/../../../../arm-none-eabi/lib/thumb/v7e-m+fp/hard\libc_nano.a(lib_a-nano-freer.o)
 .ARM.attributes
                0x000000000000068a       0x34 c:/st/stm32cubeide_1.9.0/stm32cubeide/plugins/com.st.stm32cube.ide.mcu.externaltools.gnu-tools-for-stm32.10.3-2021.10.win32_1.0.0.202111181127/tools/bin/../lib/gcc/arm-none-eabi/10.3.1/../../../../arm-none-eabi/lib/thumb/v7e-m+fp/hard\libc_nano.a(lib_a-nano-mallocr.o)
 .ARM.attributes
                0x00000000000006be       0x34 c:/st/stm32cubeide_1.9.0/stm32cubeide/plugins/com.st.stm32cube.ide.mcu.externaltools.gnu-tools-for-stm32.10.3-2021.10.win32_1.0.0.202111181127/tools/bin/../lib/gcc/arm-none-eabi/10.3.1/../../../../arm-none-eabi/lib/thumb/v7e-m+fp/hard\libc_nano.a(lib_a-nano-reallocr.o)
 .ARM.attributes
                0x00000000000006f2       0x34 c:/st/stm32cubeide_1.9.0/stm32cubeide/plugins/com.st.stm32cube.ide.mcu.externaltools.gnu-tools-for-stm32.10.3-2021.10.win32_1.0.0.202111181127/tools/bin/../lib/gcc/arm-none-eabi/10.3.1/../../../../arm-none-eabi/lib/thumb/v7e-m+fp/hard\libc_nano.a(lib_a-sbrkr.o)
 .ARM.attributes
                0x0000000000000726       0x34 c:/st/stm32cubeide_1.9.0/stm32cubeide/plugins/com.st.stm32cube.ide.mcu.externaltools.gnu-tools-for-stm32.10.3-2021.10.win32_1.0.0.202111181127/tools/bin/../lib/gcc/arm-none-eabi/10.3.1/../../../../arm-none-eabi/lib/thumb/v7e-m+fp/hard\libc_nano.a(lib_a-mlock.o)
 .ARM.attributes
                0x000000000000075a       0x34 c:/st/stm32cubeide_1.9.0/stm32cubeide/plugins/com.st.stm32cube.ide.mcu.externaltools.gnu-tools-for-stm32.10.3-2021.10.win32_1.0.0.202111181127/tools/bin/../lib/gcc/arm-none-eabi/10.3.1/../../../../arm-none-eabi/lib/thumb/v7e-m+fp/hard\libc_nano.a(lib_a-nano-msizer.o)
 .ARM.attributes
                0x000000000000078e       0x34 c:/st/stm32cubeide_1.9.0/stm32cubeide/plugins/com.st.stm32cube.ide.mcu.externaltools.gnu-tools-for-stm32.10.3-2021.10.win32_1.0.0.202111181127/tools/bin/../lib/gcc/arm-none-eabi/10.3.1/../../../../arm-none-eabi/lib/thumb/v7e-m+fp/hard\libc_nano.a(lib_a-reent.o)
 .ARM.attributes
                0x00000000000007c2       0x34 c:/st/stm32cubeide_1.9.0/stm32cubeide/plugins/com.st.stm32cube.ide.mcu.externaltools.gnu-tools-for-stm32.10.3-2021.10.win32_1.0.0.202111181127/tools/bin/../lib/gcc/arm-none-eabi/10.3.1/../../../../arm-none-eabi/lib/thumb/v7e-m+fp/hard\libc_nano.a(lib_a-lock.o)
 .ARM.attributes
                0x00000000000007f6       0x1e c:/st/stm32cubeide_1.9.0/stm32cubeide/plugins/com.st.stm32cube.ide.mcu.externaltools.gnu-tools-for-stm32.10.3-2021.10.win32_1.0.0.202111181127/tools/bin/../lib/gcc/arm-none-eabi/10.3.1/thumb/v7e-m+fp/hard\libgcc.a(_aeabi_uldivmod.o)
 .ARM.attributes
                0x0000000000000814       0x34 c:/st/stm32cubeide_1.9.0/stm32cubeide/plugins/com.st.stm32cube.ide.mcu.externaltools.gnu-tools-for-stm32.10.3-2021.10.win32_1.0.0.202111181127/tools/bin/../lib/gcc/arm-none-eabi/10.3.1/thumb/v7e-m+fp/hard\libgcc.a(_udivmoddi4.o)
 .ARM.attributes
                0x0000000000000848       0x1e c:/st/stm32cubeide_1.9.0/stm32cubeide/plugins/com.st.stm32cube.ide.mcu.externaltools.gnu-tools-for-stm32.10.3-2021.10.win32_1.0.0.202111181127/tools/bin/../lib/gcc/arm-none-eabi/10.3.1/thumb/v7e-m+fp/hard\libgcc.a(_dvmd_tls.o)
 .ARM.attributes
                0x0000000000000866       0x1e c:/st/stm32cubeide_1.9.0/stm32cubeide/plugins/com.st.stm32cube.ide.mcu.externaltools.gnu-tools-for-stm32.10.3-2021.10.win32_1.0.0.202111181127/tools/bin/../lib/gcc/arm-none-eabi/10.3.1/thumb/v7e-m+fp/hard/crtn.o
OUTPUT(lab1.elf elf32-littlearm)
LOAD linker stubs
LOAD c:/st/stm32cubeide_1.9.0/stm32cubeide/plugins/com.st.stm32cube.ide.mcu.externaltools.gnu-tools-for-stm32.10.3-2021.10.win32_1.0.0.202111181127/tools/bin/../lib/gcc/arm-none-eabi/10.3.1/../../../../arm-none-eabi/lib/thumb/v7e-m+fp/hard\libc.a
LOAD c:/st/stm32cubeide_1.9.0/stm32cubeide/plugins/com.st.stm32cube.ide.mcu.externaltools.gnu-tools-for-stm32.10.3-2021.10.win32_1.0.0.202111181127/tools/bin/../lib/gcc/arm-none-eabi/10.3.1/../../../../arm-none-eabi/lib/thumb/v7e-m+fp/hard\libm.a
LOAD c:/st/stm32cubeide_1.9.0/stm32cubeide/plugins/com.st.stm32cube.ide.mcu.externaltools.gnu-tools-for-stm32.10.3-2021.10.win32_1.0.0.202111181127/tools/bin/../lib/gcc/arm-none-eabi/10.3.1/thumb/v7e-m+fp/hard\libgcc.a

.debug_info     0x0000000000000000     0xfd50
 .debug_info    0x0000000000000000      0x6e2 ./Core/Src/drivers/uart_blocking_driver.o
 .debug_info    0x00000000000006e2      0x74e ./Core/Src/drivers/uart_interrupt_driver.o
 .debug_info    0x0000000000000e30      0x31b ./Core/Src/gpio.o
 .debug_info    0x000000000000114b     0x149b ./Core/Src/main.o
 .debug_info    0x00000000000025e6      0x2c4 ./Core/Src/stm32f4xx_hal_msp.o
 .debug_info    0x00000000000028aa      0x9e0 ./Core/Src/stm32f4xx_it.o
 .debug_info    0x000000000000328a      0x171 ./Core/Src/sysmem.o
 .debug_info    0x00000000000033fb      0x53f ./Core/Src/system_stm32f4xx.o
 .debug_info    0x000000000000393a     0x1018 ./Core/Src/tim.o
 .debug_info    0x0000000000004952      0xc5a ./Core/Src/usart.o
 .debug_info    0x00000000000055ac      0x1a4 ./Core/Src/utils/buffer.o
 .debug_info    0x0000000000005750       0x22 ./Core/Startup/startup_stm32f427vitx.o
 .debug_info    0x0000000000005772      0x9e8 ./Drivers/STM32F4xx_HAL_Driver/Src/stm32f4xx_hal.o
 .debug_info    0x000000000000615a      0xe45 ./Drivers/STM32F4xx_HAL_Driver/Src/stm32f4xx_hal_cortex.o
 .debug_info    0x0000000000006f9f      0x94f ./Drivers/STM32F4xx_HAL_Driver/Src/stm32f4xx_hal_dma.o
 .debug_info    0x00000000000078ee      0x786 ./Drivers/STM32F4xx_HAL_Driver/Src/stm32f4xx_hal_gpio.o
 .debug_info    0x0000000000008074      0x982 ./Drivers/STM32F4xx_HAL_Driver/Src/stm32f4xx_hal_rcc.o
 .debug_info    0x00000000000089f6     0x2bbe ./Drivers/STM32F4xx_HAL_Driver/Src/stm32f4xx_hal_tim.o
 .debug_info    0x000000000000b5b4     0x15e0 ./Drivers/STM32F4xx_HAL_Driver/Src/stm32f4xx_hal_tim_ex.o
 .debug_info    0x000000000000cb94     0x31bc ./Drivers/STM32F4xx_HAL_Driver/Src/stm32f4xx_hal_uart.o

.debug_abbrev   0x0000000000000000     0x24e0
 .debug_abbrev  0x0000000000000000      0x1af ./Core/Src/drivers/uart_blocking_driver.o
 .debug_abbrev  0x00000000000001af      0x1e3 ./Core/Src/drivers/uart_interrupt_driver.o
 .debug_abbrev  0x0000000000000392       0xd4 ./Core/Src/gpio.o
 .debug_abbrev  0x0000000000000466      0x366 ./Core/Src/main.o
 .debug_abbrev  0x00000000000007cc       0xd4 ./Core/Src/stm32f4xx_hal_msp.o
 .debug_abbrev  0x00000000000008a0      0x18b ./Core/Src/stm32f4xx_it.o
 .debug_abbrev  0x0000000000000a2b       0xbb ./Core/Src/sysmem.o
 .debug_abbrev  0x0000000000000ae6      0x116 ./Core/Src/system_stm32f4xx.o
 .debug_abbrev  0x0000000000000bfc      0x211 ./Core/Src/tim.o
 .debug_abbrev  0x0000000000000e0d      0x205 ./Core/Src/usart.o
 .debug_abbrev  0x0000000000001012      0x11a ./Core/Src/utils/buffer.o
 .debug_abbrev  0x000000000000112c       0x12 ./Core/Startup/startup_stm32f427vitx.o
 .debug_abbrev  0x000000000000113e      0x20d ./Drivers/STM32F4xx_HAL_Driver/Src/stm32f4xx_hal.o
 .debug_abbrev  0x000000000000134b      0x316 ./Drivers/STM32F4xx_HAL_Driver/Src/stm32f4xx_hal_cortex.o
 .debug_abbrev  0x0000000000001661      0x25b ./Drivers/STM32F4xx_HAL_Driver/Src/stm32f4xx_hal_dma.o
 .debug_abbrev  0x00000000000018bc      0x1c4 ./Drivers/STM32F4xx_HAL_Driver/Src/stm32f4xx_hal_gpio.o
 .debug_abbrev  0x0000000000001a80      0x2aa ./Drivers/STM32F4xx_HAL_Driver/Src/stm32f4xx_hal_rcc.o
 .debug_abbrev  0x0000000000001d2a      0x25d ./Drivers/STM32F4xx_HAL_Driver/Src/stm32f4xx_hal_tim.o
 .debug_abbrev  0x0000000000001f87      0x265 ./Drivers/STM32F4xx_HAL_Driver/Src/stm32f4xx_hal_tim_ex.o
 .debug_abbrev  0x00000000000021ec      0x2f4 ./Drivers/STM32F4xx_HAL_Driver/Src/stm32f4xx_hal_uart.o

.debug_aranges  0x0000000000000000      0xd80
 .debug_aranges
                0x0000000000000000       0x28 ./Core/Src/drivers/uart_blocking_driver.o
 .debug_aranges
                0x0000000000000028       0x30 ./Core/Src/drivers/uart_interrupt_driver.o
 .debug_aranges
                0x0000000000000058       0x20 ./Core/Src/gpio.o
 .debug_aranges
                0x0000000000000078       0x98 ./Core/Src/main.o
 .debug_aranges
                0x0000000000000110       0x20 ./Core/Src/stm32f4xx_hal_msp.o
 .debug_aranges
                0x0000000000000130       0x70 ./Core/Src/stm32f4xx_it.o
 .debug_aranges
                0x00000000000001a0       0x20 ./Core/Src/sysmem.o
 .debug_aranges
                0x00000000000001c0       0x28 ./Core/Src/system_stm32f4xx.o
 .debug_aranges
                0x00000000000001e8       0x40 ./Core/Src/tim.o
 .debug_aranges
                0x0000000000000228       0x30 ./Core/Src/usart.o
 .debug_aranges
                0x0000000000000258       0x40 ./Core/Src/utils/buffer.o
 .debug_aranges
                0x0000000000000298       0x28 ./Core/Startup/startup_stm32f427vitx.o
 .debug_aranges
                0x00000000000002c0      0x100 ./Drivers/STM32F4xx_HAL_Driver/Src/stm32f4xx_hal.o
 .debug_aranges
                0x00000000000003c0      0x118 ./Drivers/STM32F4xx_HAL_Driver/Src/stm32f4xx_hal_cortex.o
 .debug_aranges
                0x00000000000004d8       0x90 ./Drivers/STM32F4xx_HAL_Driver/Src/stm32f4xx_hal_dma.o
 .debug_aranges
                0x0000000000000568       0x58 ./Drivers/STM32F4xx_HAL_Driver/Src/stm32f4xx_hal_gpio.o
 .debug_aranges
                0x00000000000005c0       0x88 ./Drivers/STM32F4xx_HAL_Driver/Src/stm32f4xx_hal_rcc.o
 .debug_aranges
                0x0000000000000648      0x3d0 ./Drivers/STM32F4xx_HAL_Driver/Src/stm32f4xx_hal_tim.o
 .debug_aranges
                0x0000000000000a18      0x168 ./Drivers/STM32F4xx_HAL_Driver/Src/stm32f4xx_hal_tim_ex.o
 .debug_aranges
                0x0000000000000b80      0x200 ./Drivers/STM32F4xx_HAL_Driver/Src/stm32f4xx_hal_uart.o

.debug_ranges   0x0000000000000000      0xc78
 .debug_ranges  0x0000000000000000       0x18 ./Core/Src/drivers/uart_blocking_driver.o
 .debug_ranges  0x0000000000000018       0x20 ./Core/Src/drivers/uart_interrupt_driver.o
 .debug_ranges  0x0000000000000038       0x10 ./Core/Src/gpio.o
 .debug_ranges  0x0000000000000048       0x88 ./Core/Src/main.o
 .debug_ranges  0x00000000000000d0       0x10 ./Core/Src/stm32f4xx_hal_msp.o
 .debug_ranges  0x00000000000000e0       0x60 ./Core/Src/stm32f4xx_it.o
 .debug_ranges  0x0000000000000140       0x10 ./Core/Src/sysmem.o
 .debug_ranges  0x0000000000000150       0x18 ./Core/Src/system_stm32f4xx.o
 .debug_ranges  0x0000000000000168       0x30 ./Core/Src/tim.o
 .debug_ranges  0x0000000000000198       0x20 ./Core/Src/usart.o
 .debug_ranges  0x00000000000001b8       0x30 ./Core/Src/utils/buffer.o
 .debug_ranges  0x00000000000001e8       0x20 ./Core/Startup/startup_stm32f427vitx.o
 .debug_ranges  0x0000000000000208       0xf0 ./Drivers/STM32F4xx_HAL_Driver/Src/stm32f4xx_hal.o
 .debug_ranges  0x00000000000002f8      0x108 ./Drivers/STM32F4xx_HAL_Driver/Src/stm32f4xx_hal_cortex.o
 .debug_ranges  0x0000000000000400       0x80 ./Drivers/STM32F4xx_HAL_Driver/Src/stm32f4xx_hal_dma.o
 .debug_ranges  0x0000000000000480       0x48 ./Drivers/STM32F4xx_HAL_Driver/Src/stm32f4xx_hal_gpio.o
 .debug_ranges  0x00000000000004c8       0x78 ./Drivers/STM32F4xx_HAL_Driver/Src/stm32f4xx_hal_rcc.o
 .debug_ranges  0x0000000000000540      0x3c0 ./Drivers/STM32F4xx_HAL_Driver/Src/stm32f4xx_hal_tim.o
 .debug_ranges  0x0000000000000900      0x158 ./Drivers/STM32F4xx_HAL_Driver/Src/stm32f4xx_hal_tim_ex.o
 .debug_ranges  0x0000000000000a58      0x220 ./Drivers/STM32F4xx_HAL_Driver/Src/stm32f4xx_hal_uart.o

.debug_macro    0x0000000000000000    0x23c6e
 .debug_macro   0x0000000000000000      0x200 ./Core/Src/drivers/uart_blocking_driver.o
 .debug_macro   0x0000000000000200      0xa78 ./Core/Src/drivers/uart_blocking_driver.o
 .debug_macro   0x0000000000000c78      0x29b ./Core/Src/drivers/uart_blocking_driver.o
 .debug_macro   0x0000000000000f13       0x2e ./Core/Src/drivers/uart_blocking_driver.o
 .debug_macro   0x0000000000000f41       0x28 ./Core/Src/drivers/uart_blocking_driver.o
 .debug_macro   0x0000000000000f69       0x22 ./Core/Src/drivers/uart_blocking_driver.o
 .debug_macro   0x0000000000000f8b       0x8e ./Core/Src/drivers/uart_blocking_driver.o
 .debug_macro   0x0000000000001019       0x51 ./Core/Src/drivers/uart_blocking_driver.o
 .debug_macro   0x000000000000106a      0x103 ./Core/Src/drivers/uart_blocking_driver.o
 .debug_macro   0x000000000000116d       0x6a ./Core/Src/drivers/uart_blocking_driver.o
 .debug_macro   0x00000000000011d7      0x1df ./Core/Src/drivers/uart_blocking_driver.o
 .debug_macro   0x00000000000013b6       0x1c ./Core/Src/drivers/uart_blocking_driver.o
 .debug_macro   0x00000000000013d2       0x22 ./Core/Src/drivers/uart_blocking_driver.o
 .debug_macro   0x00000000000013f4       0xd9 ./Core/Src/drivers/uart_blocking_driver.o
 .debug_macro   0x00000000000014cd     0x102d ./Core/Src/drivers/uart_blocking_driver.o
 .debug_macro   0x00000000000024fa      0x11f ./Core/Src/drivers/uart_blocking_driver.o
 .debug_macro   0x0000000000002619    0x178a0 ./Core/Src/drivers/uart_blocking_driver.o
 .debug_macro   0x0000000000019eb9       0x6d ./Core/Src/drivers/uart_blocking_driver.o
 .debug_macro   0x0000000000019f26     0x36f5 ./Core/Src/drivers/uart_blocking_driver.o
 .debug_macro   0x000000000001d61b      0x174 ./Core/Src/drivers/uart_blocking_driver.o
 .debug_macro   0x000000000001d78f       0x5c ./Core/Src/drivers/uart_blocking_driver.o
 .debug_macro   0x000000000001d7eb      0xc6d ./Core/Src/drivers/uart_blocking_driver.o
 .debug_macro   0x000000000001e458      0x9fe ./Core/Src/drivers/uart_blocking_driver.o
 .debug_macro   0x000000000001ee56      0x115 ./Core/Src/drivers/uart_blocking_driver.o
 .debug_macro   0x000000000001ef6b      0x16f ./Core/Src/drivers/uart_blocking_driver.o
 .debug_macro   0x000000000001f0da       0xa5 ./Core/Src/drivers/uart_blocking_driver.o
 .debug_macro   0x000000000001f17f      0x182 ./Core/Src/drivers/uart_blocking_driver.o
 .debug_macro   0x000000000001f301      0x287 ./Core/Src/drivers/uart_blocking_driver.o
 .debug_macro   0x000000000001f588       0x5f ./Core/Src/drivers/uart_blocking_driver.o
 .debug_macro   0x000000000001f5e7      0x236 ./Core/Src/drivers/uart_blocking_driver.o
 .debug_macro   0x000000000001f81d      0x132 ./Core/Src/drivers/uart_blocking_driver.o
 .debug_macro   0x000000000001f94f      0x41d ./Core/Src/drivers/uart_blocking_driver.o
 .debug_macro   0x000000000001fd6c       0x2e ./Core/Src/drivers/uart_blocking_driver.o
 .debug_macro   0x000000000001fd9a      0x11a ./Core/Src/drivers/uart_blocking_driver.o
 .debug_macro   0x000000000001feb4       0xe2 ./Core/Src/drivers/uart_blocking_driver.o
 .debug_macro   0x000000000001ff96       0x89 ./Core/Src/drivers/uart_blocking_driver.o
 .debug_macro   0x000000000002001f      0x8e6 ./Core/Src/drivers/uart_blocking_driver.o
 .debug_macro   0x0000000000020905       0x47 ./Core/Src/drivers/uart_blocking_driver.o
 .debug_macro   0x000000000002094c      0x295 ./Core/Src/drivers/uart_blocking_driver.o
 .debug_macro   0x0000000000020be1      0x134 ./Core/Src/drivers/uart_blocking_driver.o
 .debug_macro   0x0000000000020d15      0x1fe ./Core/Src/drivers/uart_interrupt_driver.o
 .debug_macro   0x0000000000020f13      0x1e2 ./Core/Src/gpio.o
 .debug_macro   0x00000000000210f5      0x3fa ./Core/Src/main.o
 .debug_macro   0x00000000000214ef       0x40 ./Core/Src/main.o
 .debug_macro   0x000000000002152f       0x52 ./Core/Src/main.o
 .debug_macro   0x0000000000021581       0x1e ./Core/Src/main.o
 .debug_macro   0x000000000002159f       0x3c ./Core/Src/main.o
 .debug_macro   0x00000000000215db       0x34 ./Core/Src/main.o
 .debug_macro   0x000000000002160f       0x16 ./Core/Src/main.o
 .debug_macro   0x0000000000021625       0x43 ./Core/Src/main.o
 .debug_macro   0x0000000000021668       0x34 ./Core/Src/main.o
 .debug_macro   0x000000000002169c       0x10 ./Core/Src/main.o
 .debug_macro   0x00000000000216ac       0x58 ./Core/Src/main.o
 .debug_macro   0x0000000000021704       0x71 ./Core/Src/main.o
 .debug_macro   0x0000000000021775       0x1c ./Core/Src/main.o
 .debug_macro   0x0000000000021791      0x12a ./Core/Src/main.o
 .debug_macro   0x00000000000218bb      0x341 ./Core/Src/main.o
 .debug_macro   0x0000000000021bfc       0x10 ./Core/Src/main.o
 .debug_macro   0x0000000000021c0c       0x35 ./Core/Src/main.o
 .debug_macro   0x0000000000021c41       0x20 ./Core/Src/main.o
 .debug_macro   0x0000000000021c61       0x1c ./Core/Src/main.o
 .debug_macro   0x0000000000021c7d       0x10 ./Core/Src/main.o
 .debug_macro   0x0000000000021c8d       0x10 ./Core/Src/main.o
 .debug_macro   0x0000000000021c9d       0x1c ./Core/Src/main.o
 .debug_macro   0x0000000000021cb9       0x52 ./Core/Src/main.o
 .debug_macro   0x0000000000021d0b       0x22 ./Core/Src/main.o
 .debug_macro   0x0000000000021d2d       0x10 ./Core/Src/main.o
 .debug_macro   0x0000000000021d3d       0x52 ./Core/Src/main.o
 .debug_macro   0x0000000000021d8f       0xd5 ./Core/Src/main.o
 .debug_macro   0x0000000000021e64       0x1c ./Core/Src/main.o
 .debug_macro   0x0000000000021e80       0x3d ./Core/Src/main.o
 .debug_macro   0x0000000000021ebd       0x16 ./Core/Src/main.o
 .debug_macro   0x0000000000021ed3      0x145 ./Core/Src/main.o
 .debug_macro   0x0000000000022018       0x16 ./Core/Src/main.o
 .debug_macro   0x000000000002202e       0x16 ./Core/Src/main.o
 .debug_macro   0x0000000000022044       0x29 ./Core/Src/main.o
 .debug_macro   0x000000000002206d      0x1d8 ./Core/Src/stm32f4xx_hal_msp.o
 .debug_macro   0x0000000000022245      0x1e2 ./Core/Src/stm32f4xx_it.o
 .debug_macro   0x0000000000022427       0xff ./Core/Src/sysmem.o
 .debug_macro   0x0000000000022526      0x23b ./Core/Src/sysmem.o
 .debug_macro   0x0000000000022761      0x1ce ./Core/Src/system_stm32f4xx.o
 .debug_macro   0x000000000002292f      0x1e2 ./Core/Src/tim.o
 .debug_macro   0x0000000000022b11      0x1e2 ./Core/Src/usart.o
 .debug_macro   0x0000000000022cf3       0x79 ./Core/Src/utils/buffer.o
 .debug_macro   0x0000000000022d6c      0x22e ./Drivers/STM32F4xx_HAL_Driver/Src/stm32f4xx_hal.o
 .debug_macro   0x0000000000022f9a      0x1ce ./Drivers/STM32F4xx_HAL_Driver/Src/stm32f4xx_hal_cortex.o
 .debug_macro   0x0000000000023168      0x1d4 ./Drivers/STM32F4xx_HAL_Driver/Src/stm32f4xx_hal_dma.o
 .debug_macro   0x000000000002333c      0x1d4 ./Drivers/STM32F4xx_HAL_Driver/Src/stm32f4xx_hal_gpio.o
 .debug_macro   0x0000000000023510      0x1f2 ./Drivers/STM32F4xx_HAL_Driver/Src/stm32f4xx_hal_rcc.o
 .debug_macro   0x0000000000023702      0x1cf ./Drivers/STM32F4xx_HAL_Driver/Src/stm32f4xx_hal_tim.o
 .debug_macro   0x00000000000238d1      0x1ce ./Drivers/STM32F4xx_HAL_Driver/Src/stm32f4xx_hal_tim_ex.o
 .debug_macro   0x0000000000023a9f      0x1cf ./Drivers/STM32F4xx_HAL_Driver/Src/stm32f4xx_hal_uart.o

.debug_line     0x0000000000000000    0x1094b
 .debug_line    0x0000000000000000      0x744 ./Core/Src/drivers/uart_blocking_driver.o
 .debug_line    0x0000000000000744      0x7c0 ./Core/Src/drivers/uart_interrupt_driver.o
 .debug_line    0x0000000000000f04      0x6b7 ./Core/Src/gpio.o
 .debug_line    0x00000000000015bb      0xd52 ./Core/Src/main.o
 .debug_line    0x000000000000230d      0x6b7 ./Core/Src/stm32f4xx_hal_msp.o
 .debug_line    0x00000000000029c4      0x7aa ./Core/Src/stm32f4xx_it.o
 .debug_line    0x000000000000316e      0x4e5 ./Core/Src/sysmem.o
 .debug_line    0x0000000000003653      0x739 ./Core/Src/system_stm32f4xx.o
 .debug_line    0x0000000000003d8c      0x802 ./Core/Src/tim.o
 .debug_line    0x000000000000458e      0x724 ./Core/Src/usart.o
 .debug_line    0x0000000000004cb2      0x424 ./Core/Src/utils/buffer.o
 .debug_line    0x00000000000050d6       0x88 ./Core/Startup/startup_stm32f427vitx.o
 .debug_line    0x000000000000515e      0x9d5 ./Drivers/STM32F4xx_HAL_Driver/Src/stm32f4xx_hal.o
 .debug_line    0x0000000000005b33      0xc4e ./Drivers/STM32F4xx_HAL_Driver/Src/stm32f4xx_hal_cortex.o
 .debug_line    0x0000000000006781      0xf03 ./Drivers/STM32F4xx_HAL_Driver/Src/stm32f4xx_hal_dma.o
 .debug_line    0x0000000000007684      0xb3b ./Drivers/STM32F4xx_HAL_Driver/Src/stm32f4xx_hal_gpio.o
 .debug_line    0x00000000000081bf      0xd19 ./Drivers/STM32F4xx_HAL_Driver/Src/stm32f4xx_hal_rcc.o
 .debug_line    0x0000000000008ed8     0x3693 ./Drivers/STM32F4xx_HAL_Driver/Src/stm32f4xx_hal_tim.o
 .debug_line    0x000000000000c56b     0x199c ./Drivers/STM32F4xx_HAL_Driver/Src/stm32f4xx_hal_tim_ex.o
 .debug_line    0x000000000000df07     0x2a44 ./Drivers/STM32F4xx_HAL_Driver/Src/stm32f4xx_hal_uart.o

.debug_str      0x0000000000000000    0xd8169
 .debug_str     0x0000000000000000    0xd02c2 ./Core/Src/drivers/uart_blocking_driver.o
                                      0xd05a2 (size before relaxing)
 .debug_str     0x00000000000d02c2       0xef ./Core/Src/drivers/uart_interrupt_driver.o
                                      0xd05e2 (size before relaxing)
 .debug_str     0x00000000000d03b1      0x13d ./Core/Src/gpio.o
                                      0xd0143 (size before relaxing)
 .debug_str     0x00000000000d04ee     0x45e2 ./Core/Src/main.o
                                      0xd4d7a (size before relaxing)
 .debug_str     0x00000000000d4ad0       0x2c ./Core/Src/stm32f4xx_hal_msp.o
                                      0xd0143 (size before relaxing)
 .debug_str     0x00000000000d4afc      0x116 ./Core/Src/stm32f4xx_it.o
                                      0xd0840 (size before relaxing)
 .debug_str     0x00000000000d4c12      0x4da ./Core/Src/sysmem.o
                                       0x5db2 (size before relaxing)
 .debug_str     0x00000000000d50ec       0xdb ./Core/Src/system_stm32f4xx.o
                                      0xd01f3 (size before relaxing)
 .debug_str     0x00000000000d51c7      0x80a ./Core/Src/tim.o
                                      0xd0f7d (size before relaxing)
 .debug_str     0x00000000000d59d1       0x61 ./Core/Src/usart.o
                                      0xd0c24 (size before relaxing)
 .debug_str     0x00000000000d5a32       0x7c ./Core/Src/utils/buffer.o
                                       0x3ce9 (size before relaxing)
 .debug_str     0x00000000000d5aae       0x36 ./Core/Startup/startup_stm32f427vitx.o
                                         0x74 (size before relaxing)
 .debug_str     0x00000000000d5ae4      0x652 ./Drivers/STM32F4xx_HAL_Driver/Src/stm32f4xx_hal.o
                                      0xd0dff (size before relaxing)
 .debug_str     0x00000000000d6136      0x32d ./Drivers/STM32F4xx_HAL_Driver/Src/stm32f4xx_hal_cortex.o
                                      0xd0ae4 (size before relaxing)
 .debug_str     0x00000000000d6463      0x31d ./Drivers/STM32F4xx_HAL_Driver/Src/stm32f4xx_hal_dma.o
                                      0xd05fa (size before relaxing)
 .debug_str     0x00000000000d6780      0x15d ./Drivers/STM32F4xx_HAL_Driver/Src/stm32f4xx_hal_gpio.o
                                      0xd036e (size before relaxing)
 .debug_str     0x00000000000d68dd      0x233 ./Drivers/STM32F4xx_HAL_Driver/Src/stm32f4xx_hal_rcc.o
                                      0xd0627 (size before relaxing)
 .debug_str     0x00000000000d6b10      0xd0b ./Drivers/STM32F4xx_HAL_Driver/Src/stm32f4xx_hal_tim.o
                                      0xd155a (size before relaxing)
 .debug_str     0x00000000000d781b      0x3e1 ./Drivers/STM32F4xx_HAL_Driver/Src/stm32f4xx_hal_tim_ex.o
                                      0xd0d76 (size before relaxing)
 .debug_str     0x00000000000d7bfc      0x56d ./Drivers/STM32F4xx_HAL_Driver/Src/stm32f4xx_hal_uart.o
                                      0xd0bb3 (size before relaxing)

.comment        0x0000000000000000       0x50
 .comment       0x0000000000000000       0x50 ./Core/Src/drivers/uart_blocking_driver.o
                                         0x51 (size before relaxing)
 .comment       0x0000000000000050       0x51 ./Core/Src/drivers/uart_interrupt_driver.o
 .comment       0x0000000000000050       0x51 ./Core/Src/gpio.o
 .comment       0x0000000000000050       0x51 ./Core/Src/main.o
 .comment       0x0000000000000050       0x51 ./Core/Src/stm32f4xx_hal_msp.o
 .comment       0x0000000000000050       0x51 ./Core/Src/stm32f4xx_it.o
 .comment       0x0000000000000050       0x51 ./Core/Src/sysmem.o
 .comment       0x0000000000000050       0x51 ./Core/Src/system_stm32f4xx.o
 .comment       0x0000000000000050       0x51 ./Core/Src/tim.o
 .comment       0x0000000000000050       0x51 ./Core/Src/usart.o
 .comment       0x0000000000000050       0x51 ./Core/Src/utils/buffer.o
 .comment       0x0000000000000050       0x51 ./Drivers/STM32F4xx_HAL_Driver/Src/stm32f4xx_hal.o
 .comment       0x0000000000000050       0x51 ./Drivers/STM32F4xx_HAL_Driver/Src/stm32f4xx_hal_cortex.o
 .comment       0x0000000000000050       0x51 ./Drivers/STM32F4xx_HAL_Driver/Src/stm32f4xx_hal_dma.o
 .comment       0x0000000000000050       0x51 ./Drivers/STM32F4xx_HAL_Driver/Src/stm32f4xx_hal_gpio.o
 .comment       0x0000000000000050       0x51 ./Drivers/STM32F4xx_HAL_Driver/Src/stm32f4xx_hal_rcc.o
 .comment       0x0000000000000050       0x51 ./Drivers/STM32F4xx_HAL_Driver/Src/stm32f4xx_hal_tim.o
 .comment       0x0000000000000050       0x51 ./Drivers/STM32F4xx_HAL_Driver/Src/stm32f4xx_hal_tim_ex.o
 .comment       0x0000000000000050       0x51 ./Drivers/STM32F4xx_HAL_Driver/Src/stm32f4xx_hal_uart.o

.debug_frame    0x0000000000000000     0x3b08
 .debug_frame   0x0000000000000000       0x58 ./Core/Src/drivers/uart_blocking_driver.o
 .debug_frame   0x0000000000000058       0x74 ./Core/Src/drivers/uart_interrupt_driver.o
 .debug_frame   0x00000000000000cc       0x38 ./Core/Src/gpio.o
 .debug_frame   0x0000000000000104      0x240 ./Core/Src/main.o
 .debug_frame   0x0000000000000344       0x38 ./Core/Src/stm32f4xx_hal_msp.o
 .debug_frame   0x000000000000037c      0x13c ./Core/Src/stm32f4xx_it.o
 .debug_frame   0x00000000000004b8       0x34 ./Core/Src/sysmem.o
 .debug_frame   0x00000000000004ec       0x58 ./Core/Src/system_stm32f4xx.o
 .debug_frame   0x0000000000000544       0xc4 ./Core/Src/tim.o
 .debug_frame   0x0000000000000608       0x74 ./Core/Src/usart.o
 .debug_frame   0x000000000000067c       0xc8 ./Core/Src/utils/buffer.o
 .debug_frame   0x0000000000000744      0x3b4 ./Drivers/STM32F4xx_HAL_Driver/Src/stm32f4xx_hal.o
 .debug_frame   0x0000000000000af8      0x498 ./Drivers/STM32F4xx_HAL_Driver/Src/stm32f4xx_hal_cortex.o
 .debug_frame   0x0000000000000f90      0x250 ./Drivers/STM32F4xx_HAL_Driver/Src/stm32f4xx_hal_dma.o
 .debug_frame   0x00000000000011e0      0x14c ./Drivers/STM32F4xx_HAL_Driver/Src/stm32f4xx_hal_gpio.o
 .debug_frame   0x000000000000132c      0x1f4 ./Drivers/STM32F4xx_HAL_Driver/Src/stm32f4xx_hal_rcc.o
 .debug_frame   0x0000000000001520     0x11c4 ./Drivers/STM32F4xx_HAL_Driver/Src/stm32f4xx_hal_tim.o
 .debug_frame   0x00000000000026e4      0x638 ./Drivers/STM32F4xx_HAL_Driver/Src/stm32f4xx_hal_tim_ex.o
 .debug_frame   0x0000000000002d1c      0x92c ./Drivers/STM32F4xx_HAL_Driver/Src/stm32f4xx_hal_uart.o
 .debug_frame   0x0000000000003648       0x20 c:/st/stm32cubeide_1.9.0/stm32cubeide/plugins/com.st.stm32cube.ide.mcu.externaltools.gnu-tools-for-stm32.10.3-2021.10.win32_1.0.0.202111181127/tools/bin/../lib/gcc/arm-none-eabi/10.3.1/../../../../arm-none-eabi/lib/thumb/v7e-m+fp/hard\libc_nano.a(lib_a-errno.o)
 .debug_frame   0x0000000000003668       0x2c c:/st/stm32cubeide_1.9.0/stm32cubeide/plugins/com.st.stm32cube.ide.mcu.externaltools.gnu-tools-for-stm32.10.3-2021.10.win32_1.0.0.202111181127/tools/bin/../lib/gcc/arm-none-eabi/10.3.1/../../../../arm-none-eabi/lib/thumb/v7e-m+fp/hard\libc_nano.a(lib_a-init.o)
 .debug_frame   0x0000000000003694       0x20 c:/st/stm32cubeide_1.9.0/stm32cubeide/plugins/com.st.stm32cube.ide.mcu.externaltools.gnu-tools-for-stm32.10.3-2021.10.win32_1.0.0.202111181127/tools/bin/../lib/gcc/arm-none-eabi/10.3.1/../../../../arm-none-eabi/lib/thumb/v7e-m+fp/hard\libc_nano.a(lib_a-memset.o)
 .debug_frame   0x00000000000036b4       0x6c c:/st/stm32cubeide_1.9.0/stm32cubeide/plugins/com.st.stm32cube.ide.mcu.externaltools.gnu-tools-for-stm32.10.3-2021.10.win32_1.0.0.202111181127/tools/bin/../lib/gcc/arm-none-eabi/10.3.1/../../../../arm-none-eabi/lib/thumb/v7e-m+fp/hard\libc_nano.a(lib_a-sprintf.o)
 .debug_frame   0x0000000000003720       0x90 c:/st/stm32cubeide_1.9.0/stm32cubeide/plugins/com.st.stm32cube.ide.mcu.externaltools.gnu-tools-for-stm32.10.3-2021.10.win32_1.0.0.202111181127/tools/bin/../lib/gcc/arm-none-eabi/10.3.1/../../../../arm-none-eabi/lib/thumb/v7e-m+fp/hard\libc_nano.a(lib_a-nano-svfprintf.o)
 .debug_frame   0x00000000000037b0       0x60 c:/st/stm32cubeide_1.9.0/stm32cubeide/plugins/com.st.stm32cube.ide.mcu.externaltools.gnu-tools-for-stm32.10.3-2021.10.win32_1.0.0.202111181127/tools/bin/../lib/gcc/arm-none-eabi/10.3.1/../../../../arm-none-eabi/lib/thumb/v7e-m+fp/hard\libc_nano.a(lib_a-nano-vfprintf_i.o)
 .debug_frame   0x0000000000003810       0x28 c:/st/stm32cubeide_1.9.0/stm32cubeide/plugins/com.st.stm32cube.ide.mcu.externaltools.gnu-tools-for-stm32.10.3-2021.10.win32_1.0.0.202111181127/tools/bin/../lib/gcc/arm-none-eabi/10.3.1/../../../../arm-none-eabi/lib/thumb/v7e-m+fp/hard\libc_nano.a(lib_a-memcpy-stub.o)
 .debug_frame   0x0000000000003838       0x28 c:/st/stm32cubeide_1.9.0/stm32cubeide/plugins/com.st.stm32cube.ide.mcu.externaltools.gnu-tools-for-stm32.10.3-2021.10.win32_1.0.0.202111181127/tools/bin/../lib/gcc/arm-none-eabi/10.3.1/../../../../arm-none-eabi/lib/thumb/v7e-m+fp/hard\libc_nano.a(lib_a-memmove.o)
 .debug_frame   0x0000000000003860       0x38 c:/st/stm32cubeide_1.9.0/stm32cubeide/plugins/com.st.stm32cube.ide.mcu.externaltools.gnu-tools-for-stm32.10.3-2021.10.win32_1.0.0.202111181127/tools/bin/../lib/gcc/arm-none-eabi/10.3.1/../../../../arm-none-eabi/lib/thumb/v7e-m+fp/hard\libc_nano.a(lib_a-nano-freer.o)
 .debug_frame   0x0000000000003898       0x4c c:/st/stm32cubeide_1.9.0/stm32cubeide/plugins/com.st.stm32cube.ide.mcu.externaltools.gnu-tools-for-stm32.10.3-2021.10.win32_1.0.0.202111181127/tools/bin/../lib/gcc/arm-none-eabi/10.3.1/../../../../arm-none-eabi/lib/thumb/v7e-m+fp/hard\libc_nano.a(lib_a-nano-mallocr.o)
 .debug_frame   0x00000000000038e4       0x3c c:/st/stm32cubeide_1.9.0/stm32cubeide/plugins/com.st.stm32cube.ide.mcu.externaltools.gnu-tools-for-stm32.10.3-2021.10.win32_1.0.0.202111181127/tools/bin/../lib/gcc/arm-none-eabi/10.3.1/../../../../arm-none-eabi/lib/thumb/v7e-m+fp/hard\libc_nano.a(lib_a-nano-reallocr.o)